2026-10-06T02:04:14.3508611Z attach version=16.0 build=20430
2026-10-06T02:04:14.5483595Z opened readOnly=-1
2026-10-06T02:04:14.6851825Z chart shape: OPF chart 1
2026-10-06T02:04:14.6917063Z BEGIN Chart.ChartType
2026-10-06T02:04:14.7680320Z OK    Chart.ChartType = 51
2026-10-06T02:04:14.7690311Z BEGIN SeriesCollection().Count
2026-10-06T02:04:14.7852646Z OK    SeriesCollection().Count = 2
2026-10-06T02:04:14.7926496Z BEGIN S1.Name
2026-10-06T02:04:14.8553073Z OK    S1.Name = North
2026-10-06T02:04:14.8563111Z BEGIN S1.ChartType
2026-10-06T02:04:14.8588171Z OK    S1.ChartType = 51
2026-10-06T02:04:14.8598183Z BEGIN S1.Values
2026-10-06T02:04:14.8661175Z OK    S1.Values = 10,13,16,19,22,25
2026-10-06T02:04:14.8676239Z BEGIN S1.XValues
2026-10-06T02:04:14.8711753Z OK    S1.XValues = Jan,Feb,Mar,Apr,May,Jun
2026-10-06T02:04:14.8726877Z BEGIN S1.HasDataLabels
2026-10-06T02:04:14.8772336Z OK    S1.HasDataLabels = True
2026-10-06T02:04:14.8772336Z BEGIN S1.DataLabels().NumberFormat
2026-10-06T02:04:14.9183067Z OK    S1.DataLabels().NumberFormat = General
2026-10-06T02:04:14.9193056Z BEGIN S1.DataLabels().ShowValue
2026-10-06T02:04:14.9263093Z OK    S1.DataLabels().ShowValue = True
2026-10-06T02:04:14.9268181Z BEGIN S1.Points().Count
2026-10-06T02:04:14.9404135Z OK    S1.Points().Count = 6
2026-10-06T02:04:14.9414144Z BEGIN S1.Points(1).DataLabel.Text
2026-10-06T02:04:15.0332963Z OK    S1.Points(1).DataLabel.Text = 10
2026-10-06T02:04:15.0362966Z BEGIN S2.Name
2026-10-06T02:04:15.0383205Z OK    S2.Name = South
2026-10-06T02:04:15.0393198Z BEGIN S2.ChartType
2026-10-06T02:04:15.0413234Z OK    S2.ChartType = 51
2026-10-06T02:04:15.0413234Z BEGIN S2.Values
2026-10-06T02:04:15.0423229Z OK    S2.Values = 14,19,15,20,16,21
2026-10-06T02:04:15.0433229Z BEGIN S2.XValues
2026-10-06T02:04:15.0443199Z OK    S2.XValues = Jan,Feb,Mar,Apr,May,Jun
2026-10-06T02:04:15.0453203Z BEGIN S2.HasDataLabels
2026-10-06T02:04:15.0463202Z OK    S2.HasDataLabels = True
2026-10-06T02:04:15.0468230Z BEGIN S2.DataLabels().NumberFormat
2026-10-06T02:04:15.0498472Z OK    S2.DataLabels().NumberFormat = General
2026-10-06T02:04:15.0502589Z BEGIN S2.DataLabels().ShowValue
2026-10-06T02:04:15.0532634Z OK    S2.DataLabels().ShowValue = True
2026-10-06T02:04:15.0532634Z BEGIN S2.Points().Count
2026-10-06T02:04:15.0562632Z OK    S2.Points().Count = 6
2026-10-06T02:04:15.0572967Z BEGIN S2.Points(1).DataLabel.Text
2026-10-06T02:04:15.0613019Z OK    S2.Points(1).DataLabel.Text = 14
2026-10-06T02:04:15.0628065Z BEGIN Axes(2).TickLabels.NumberFormat
2026-10-06T02:04:15.1404496Z OK    Axes(2).TickLabels.NumberFormat = General
2026-10-06T02:04:15.1414502Z BEGIN Axes(2).MinimumScale
2026-10-06T02:04:15.1507622Z OK    Axes(2).MinimumScale = 0
2026-10-06T02:04:15.1527629Z BEGIN S1.Formula
2026-10-06T02:04:18.1672572Z OK    S1.Formula =
