2026-10-06T02:03:44.7207012Z attach version=16.0 build=20430
2026-10-06T02:03:44.8860416Z opened readOnly=-1
2026-10-06T02:03:44.9847000Z chart shape: OPF chart 1
2026-10-06T02:03:44.9916001Z BEGIN Chart.ChartType
2026-10-06T02:03:45.0532623Z OK    Chart.ChartType = 51
2026-10-06T02:03:45.0532623Z BEGIN SeriesCollection().Count
2026-10-06T02:03:45.0683695Z OK    SeriesCollection().Count = 3
2026-10-06T02:03:45.0753684Z BEGIN S1.Name
2026-10-06T02:03:45.1172987Z OK    S1.Name = Revenue
2026-10-06T02:03:45.1187807Z BEGIN S1.ChartType
2026-10-06T02:03:45.1237805Z OK    S1.ChartType = 51
2026-10-06T02:03:45.1247812Z BEGIN S1.Values
2026-10-06T02:03:45.1368941Z OK    S1.Values = 12.4,18.1,,24.6
2026-10-06T02:03:45.1375204Z BEGIN S1.XValues
2026-10-06T02:03:45.1487974Z OK    S1.XValues = Q1,Q2,Q3,Q4
2026-10-06T02:03:45.1487974Z BEGIN S1.HasDataLabels
2026-10-06T02:03:45.1604805Z OK    S1.HasDataLabels = True
2026-10-06T02:03:45.1610913Z BEGIN S1.DataLabels().NumberFormat
2026-10-06T02:03:45.1989902Z OK    S1.DataLabels().NumberFormat = \$#,##0.0
2026-10-06T02:03:45.1999911Z BEGIN S1.DataLabels().ShowValue
2026-10-06T02:03:45.2112023Z OK    S1.DataLabels().ShowValue = True
2026-10-06T02:03:45.2122021Z BEGIN S1.Points().Count
2026-10-06T02:03:45.2292602Z OK    S1.Points().Count = 4
2026-10-06T02:03:45.2303989Z BEGIN S1.Points(1).DataLabel.Text
2026-10-06T02:03:45.2992672Z OK    S1.Points(1).DataLabel.Text = $12.4
2026-10-06T02:03:45.3022661Z BEGIN S2.Name
2026-10-06T02:03:45.3032691Z OK    S2.Name = Margin
2026-10-06T02:03:45.3047732Z BEGIN S2.ChartType
2026-10-06T02:03:45.3047732Z OK    S2.ChartType = 51
2026-10-06T02:03:45.3062772Z BEGIN S2.Values
2026-10-06T02:03:45.3072823Z OK    S2.Values = 0.31,0.34,0.29,0.4
2026-10-06T02:03:45.3084085Z BEGIN S2.XValues
2026-10-06T02:03:45.3094084Z OK    S2.XValues = Q1,Q2,Q3,Q4
2026-10-06T02:03:45.3094084Z BEGIN S2.HasDataLabels
2026-10-06T02:03:45.3104083Z OK    S2.HasDataLabels = True
2026-10-06T02:03:45.3114083Z BEGIN S2.DataLabels().NumberFormat
2026-10-06T02:03:45.3134069Z OK    S2.DataLabels().NumberFormat = 0%
2026-10-06T02:03:45.3144105Z BEGIN S2.DataLabels().ShowValue
2026-10-06T02:03:45.3164088Z OK    S2.DataLabels().ShowValue = True
2026-10-06T02:03:45.3169120Z BEGIN S2.Points().Count
2026-10-06T02:03:45.3199167Z OK    S2.Points().Count = 4
2026-10-06T02:03:45.3206881Z BEGIN S2.Points(1).DataLabel.Text
2026-10-06T02:03:45.3254252Z OK    S2.Points(1).DataLabel.Text = 31%
2026-10-06T02:03:45.3269285Z BEGIN S3.Name
2026-10-06T02:03:45.3289333Z OK    S3.Name = Units
2026-10-06T02:03:45.3299605Z BEGIN S3.ChartType
2026-10-06T02:03:45.3309652Z OK    S3.ChartType = 51
2026-10-06T02:03:45.3319605Z BEGIN S3.Values
2026-10-06T02:03:45.3329602Z OK    S3.Values = 1200,1800,2400,3100
2026-10-06T02:03:45.3329602Z BEGIN S3.XValues
2026-10-06T02:03:45.3344661Z OK    S3.XValues = Q1,Q2,Q3,Q4
2026-10-06T02:03:45.3344661Z BEGIN S3.HasDataLabels
2026-10-06T02:03:45.3354705Z OK    S3.HasDataLabels = True
2026-10-06T02:03:45.3364708Z BEGIN S3.DataLabels().NumberFormat
2026-10-06T02:03:45.3379789Z OK    S3.DataLabels().NumberFormat = #,##0 "units"
2026-10-06T02:03:45.3394831Z BEGIN S3.DataLabels().ShowValue
2026-10-06T02:03:45.3414883Z OK    S3.DataLabels().ShowValue = True
2026-10-06T02:03:45.3424880Z BEGIN S3.Points().Count
2026-10-06T02:03:45.3454891Z OK    S3.Points().Count = 4
2026-10-06T02:03:45.3454891Z BEGIN S3.Points(1).DataLabel.Text
2026-10-06T02:03:45.3499958Z OK    S3.Points(1).DataLabel.Text = 1,200 units
2026-10-06T02:03:45.3499958Z BEGIN Axes(2).TickLabels.NumberFormat
2026-10-06T02:03:45.4103607Z OK    Axes(2).TickLabels.NumberFormat = \$#,##0.0
2026-10-06T02:03:45.4113597Z BEGIN Axes(2).MinimumScale
2026-10-06T02:03:45.4279017Z OK    Axes(2).MinimumScale = 0
2026-10-06T02:03:45.4304090Z BEGIN S1.Formula
2026-10-06T02:03:48.8525921Z OK    S1.Formula =
