
> @openpresentation/opf-pptx@0.7.0 test
> npm run build && node test/accepted-text.mjs && node test/heading-provenance.mjs && node test/chart-colors.mjs && node test/content-cards.mjs && node test/chart-workbook.mjs && node test/dependency-boundary.mjs && npm run build:browser-check && npm run test:styled-table && node test/content-layout.mjs && node test/shared-quote.mjs


> @openpresentation/opf-pptx@0.7.0 build
> node scripts/build.mjs

Vendored upstream distribution and license match recorded hashes.
node:internal/modules/run_main:107
    triggerUncaughtException(
    ^

AssertionError [ERR_ASSERTION]: Expected values to be strictly equal:
+ actual - expected

+ 'A measured title that wraps when space is narrow'
- 'A measured title that \nwraps when space is \nnarrow'

    at file:///Users/michael/Source/opf-pptx/test/accepted-text.mjs:51:56 {
  generatedMessage: true,
  code: 'ERR_ASSERTION',
  actual: 'A measured title that wraps when space is narrow',
  expected: 'A measured title that \nwraps when space is \nnarrow',
  operator: 'strictEqual',
  diff: 'simple'
}

Node.js v24.21.0
