
> openpresentation-workspace@ test:packages C:\Users\micha\Source\opf\artifacts\shared-metric-integration\opf
> node scripts/test-package-ecosystem.mjs

Coordinated links passed: core, renderer and editor converter, repeat setup and packages-only isolation.
npm warn Unknown env config "npm-globalconfig". This will stop working in the next major version of npm. See `npm help npmrc` for supported config options.
npm warn Unknown env config "verify-deps-before-run". This will stop working in the next major version of npm. See `npm help npmrc` for supported config options.
npm warn Unknown env config "_jsr-registry". This will stop working in the next major version of npm. See `npm help npmrc` for supported config options.

> @openpresentation/opf-render@0.7.0 typecheck
> node --check src/index.js && node --check scripts/build.mjs && node --check scripts/validate-package.mjs && node --check test/smoke.mjs && node --check test/golden.mjs && node --check src/fonts.js && node --check src/fonts-node.js && node --check src/font-compatibility.js && node --check test/office-fonts.mjs && node --check src/fonts-browser.js && node --check test/fonts-browser.mjs && node --check src/svg.js && node --check src/raster.js && node --check src/raster-images.js && node --check test/webp.mjs && node --check test/jpeg-orientation.mjs && node --check scripts/build-browser-check.mjs && node --check test/jpeg-browser.js && node --check test/rich-table.mjs && node --check test/styled-table.mjs && node --check test/chart-colors.mjs && node --check test/image-placeholders.mjs && node --check test/image-placeholders-browser.mjs && node --check test/accepted-text.mjs && node --check test/accepted-text-fixtures.mjs && node --check test/accepted-text-browser.mjs && node --check test/rich-spacing-browser.mjs

npm warn Unknown env config "npm-globalconfig". This will stop working in the next major version of npm. See `npm help npmrc` for supported config options.
npm warn Unknown env config "verify-deps-before-run". This will stop working in the next major version of npm. See `npm help npmrc` for supported config options.
npm warn Unknown env config "_jsr-registry". This will stop working in the next major version of npm. See `npm help npmrc` for supported config options.

> @openpresentation/opf-render@0.7.0 validate
> node scripts/validate-package.mjs

@openpresentation/opf-render metadata is release-lane ready.
npm warn Unknown env config "npm-globalconfig". This will stop working in the next major version of npm. See `npm help npmrc` for supported config options.
npm warn Unknown env config "verify-deps-before-run". This will stop working in the next major version of npm. See `npm help npmrc` for supported config options.
npm warn Unknown env config "_jsr-registry". This will stop working in the next major version of npm. See `npm help npmrc` for supported config options.

> @openpresentation/opf-render@0.7.0 test
> npm run build && node test/font-outlines.mjs && node test/accepted-text.mjs && node test/image-placeholders.mjs && node test/chart-colors.mjs && node test/smoke.mjs && node test/webp.mjs && node test/jpeg-orientation.mjs && node test/fonts.mjs && node test/office-fonts.mjs && node test/timeline.mjs && node test/quote-footer.mjs && node test/shared-quote.mjs && node test/rich-trace.mjs && node test/rich-table.mjs && node test/golden-gate.mjs && node test/golden.mjs && node test/fonts-browser.mjs && node test/design-preview.mjs && npm run build:browser-check && npm run test:styled-table

npm warn Unknown env config "npm-globalconfig". This will stop working in the next major version of npm. See `npm help npmrc` for supported config options.
npm warn Unknown env config "verify-deps-before-run". This will stop working in the next major version of npm. See `npm help npmrc` for supported config options.
npm warn Unknown env config "_jsr-registry". This will stop working in the next major version of npm. See `npm help npmrc` for supported config options.

> @openpresentation/opf-render@0.7.0 build
> node scripts/build.mjs

Font outlines: 99 pinned face/text combinations preserve advances, scaling and cache isolation; empty ink, negative bearings, substitution and strict errors pass.
Accepted text: 48 wide/portrait/card/alignment/scalar/rich cases consume exact accepted fits and styles; overflow diagnostics and strict rejection pass.
Image placeholders passed: 7 source-preserving theme, bounded-label/icon, accessible-description, alias override and resolver cases; opacity preserved and asset failures explicit.
Chart colors passed: 40 simple/catalog paths, light/dark/opposite surfaces, retained alpha and unresolved data; no source mutation.
opf-render smoke passed (126 OPF corpus deck(s) rendered).
WebP raster passed: 23 PNG/PDF and fit/crop cases; independent pixels, PDF image streams, alpha/EXIF/first frame, SVG input forms, errors and unchanged source SVG.
JPEG orientation passed: 24 raster/PDF and fit/crop cases across all eight orientations; independent Pillow pixels (max channel difference 2), original orientation-1 bytes and path-specific errors.
Fonts: actual advances, scaling, strict missing fonts/glyphs, explicit substitution, embedding and raster output passed.
Office font policy passed: 24 bundled faces, exact-first lookup, scoped metric claims, theme aliases, explicit approximate fallback, and symbol/math/coverage errors.
Timelines passed: 1/2/4/8 events, wide and portrait slides, measured text and marker containment.
Quote footer passed: 8 fitted long quotes retain separation, 2 oversized cases diagnose/reject in strict mode across wide and portrait canvases.
Shared quote SVG: 4 exact accepted layouts/styles with no extra measurement, reasoned overflow, strict rejection and no tiny-cell omission.
Rich trace passed: leading/trailing blank lines, CRLF, cross-run offsets and measured heights.
Rich table renderer passed: formatted cell/header runs, trace paths, links, empty rich cells, PNG output and strict overflow.
Golden gate passed: missing baseline, pixel drift, source drift, non-mutating candidate generation and empty-corpus rejection.
Golden passed: 805 slides, 126 decks; no skipped corpus.
Browser fonts: identical bytes, measurement, owned cleanup, network failure and abort passed.
Design preview: header/footer zones, inheritance suppression, angles, opacity, patterns, image background and watermark passed.
npm warn Unknown env config "npm-globalconfig". This will stop working in the next major version of npm. See `npm help npmrc` for supported config options.
npm warn Unknown env config "verify-deps-before-run". This will stop working in the next major version of npm. See `npm help npmrc` for supported config options.
npm warn Unknown env config "_jsr-registry". This will stop working in the next major version of npm. See `npm help npmrc` for supported config options.

> @openpresentation/opf-render@0.7.0 build:browser-check
> node scripts/build-browser-check.mjs

Browser bundle passed: no native raster modules. Serve /artifacts/jpeg/browser/index.html to run the JPEG orientation comparisons.
Quote browser fixtures ready: actual glyph containment with four bundled open font faces.
npm warn Unknown env config "npm-globalconfig". This will stop working in the next major version of npm. See `npm help npmrc` for supported config options.
npm warn Unknown env config "verify-deps-before-run". This will stop working in the next major version of npm. See `npm help npmrc` for supported config options.
npm warn Unknown env config "_jsr-registry". This will stop working in the next major version of npm. See `npm help npmrc` for supported config options.

> @openpresentation/opf-render@0.7.0 test:styled-table
> node test/styled-table.mjs

Styled table renderer passed: spans, fills/alpha, shared border precedence and suppression, scalar/rich vertical alignment, editable paths, run overrides and rasterization.
npm warn Unknown env config "npm-globalconfig". This will stop working in the next major version of npm. See `npm help npmrc` for supported config options.
npm warn Unknown env config "verify-deps-before-run". This will stop working in the next major version of npm. See `npm help npmrc` for supported config options.
npm warn Unknown env config "_jsr-registry". This will stop working in the next major version of npm. See `npm help npmrc` for supported config options.

> @openpresentation/opf-render@0.7.0 test:code
> node test/shared-code.mjs

Shared code SVG: 10 accepted layouts, source/whitespace/trace preservation, no extra measurement, strict/tiny-cell rejection, 132 XML-boundary rejections and valid character boundaries.
npm warn Unknown env config "npm-globalconfig". This will stop working in the next major version of npm. See `npm help npmrc` for supported config options.
npm warn Unknown env config "verify-deps-before-run". This will stop working in the next major version of npm. See `npm help npmrc` for supported config options.
npm warn Unknown env config "_jsr-registry". This will stop working in the next major version of npm. See `npm help npmrc` for supported config options.

> @openpresentation/opf-editor@0.6.0 typecheck
> node --check src/index.js && node --check src/react.js && node --check src/svelte.js && node --check scripts/build.mjs && node --check scripts/validate-package.mjs && node --check test/smoke.mjs && node --check test/component-smoke.mjs && node --check src/canvas.js && node --check src/canvas-fields.js && node --check test/canvas-fields.mjs && node --check test/browser-canvas.mjs && node --check src/transfer.js && node --check src/galleries.js && node --check examples/transfer-controls.js && node --check src/schema.js && node --check src/schema-inspector.js && node --check test/rich-table-browser.mjs && node --check test/styled-table.mjs && node --check test/styled-table-browser.mjs && node --check examples/pptx-controls.js && node --check scripts/build-playground.mjs && node --check test/playground-pptx.mjs

npm warn Unknown env config "npm-globalconfig". This will stop working in the next major version of npm. See `npm help npmrc` for supported config options.
npm warn Unknown env config "verify-deps-before-run". This will stop working in the next major version of npm. See `npm help npmrc` for supported config options.
npm warn Unknown env config "_jsr-registry". This will stop working in the next major version of npm. See `npm help npmrc` for supported config options.

> @openpresentation/opf-editor@0.6.0 validate
> node scripts/validate-package.mjs

@openpresentation/opf-editor metadata is release-lane ready.
npm warn Unknown env config "npm-globalconfig". This will stop working in the next major version of npm. See `npm help npmrc` for supported config options.
npm warn Unknown env config "verify-deps-before-run". This will stop working in the next major version of npm. See `npm help npmrc` for supported config options.
npm warn Unknown env config "_jsr-registry". This will stop working in the next major version of npm. See `npm help npmrc` for supported config options.

> @openpresentation/opf-editor@0.6.0 test
> npm run build && node test/accepted-text.mjs && node test/smoke.mjs && node test/component-smoke.mjs && node test/canvas-fields.mjs && node test/transfer.mjs && node test/schema.mjs && node test/rich-text.mjs && node test/layout.mjs && node test/blocks.mjs && node test/styled-table.mjs

npm warn Unknown env config "npm-globalconfig". This will stop working in the next major version of npm. See `npm help npmrc` for supported config options.
npm warn Unknown env config "verify-deps-before-run". This will stop working in the next major version of npm. See `npm help npmrc` for supported config options.
npm warn Unknown env config "_jsr-registry". This will stop working in the next major version of npm. See `npm help npmrc` for supported config options.

> @openpresentation/opf-editor@0.6.0 build
> node scripts/build.mjs

Accepted text editor: 12 wide/portrait/alignment/card layouts match rendering across edit, undo/redo and explicit pagination.
opf-editor smoke passed
opf-editor component smoke passed
Canvas fields: escaped keys, types, immutable drafts, validation and undo passed.
Transfer: clipboard formats, code fences, fragments, collision-safe insertion, design/assets, undo and explicit gallery fetches passed.
Schema controls: 625 documented fields, nested paths, catalog records, background forms, required defaults passed.
Rich range editing passed: cross-run preservation, replacement, style removal, script exclusivity, grapheme safety, validation and atomic undo.
Native rich input passed: style/link preservation, repeated-character affinity, graphemes and bounded run growth.
Layout resizing passed: exact track geometry, row/column/nested/grid behavior, auto freeze, weight bounds, metadata preservation, stale guards and undo.
Block moves passed: sibling order, shifted group destinations, nested/ancestor/cross-slide moves, formatting/data preservation, no-op, cycle/empty rejection, guards and undo.
Block creation passed: presets, implicit normalization, groups/regions, duplication, empty ancestor pruning, guards, metadata and undo.
Styled table editor model passed: value-path typing/formatting, styles/spans, empty cells, properties, guarded structural edits and atomic undo.
npm warn Unknown env config "npm-globalconfig". This will stop working in the next major version of npm. See `npm help npmrc` for supported config options.
npm warn Unknown env config "verify-deps-before-run". This will stop working in the next major version of npm. See `npm help npmrc` for supported config options.
npm warn Unknown env config "_jsr-registry". This will stop working in the next major version of npm. See `npm help npmrc` for supported config options.

> @openpresentation/opf-pptx@0.7.0 typecheck
> node --check src/index.js && node --check scripts/build.mjs && node --check scripts/validate-package.mjs && node --check test/smoke.mjs && node --check src/image-geometry.js && node --check test/image-fit.mjs && node --check test/image-orientation.mjs && node --check test/table-layout.mjs && node --check test/table-import.mjs && node --check test/object-ids.mjs && node --check test/export-corpus.mjs && node --check test/image-media-type.mjs && node --check src/image-fallback-node.js && node --check src/image-fallback-browser.js && node --check test/webp-fallback.mjs && node --check scripts/build-browser-check.mjs && node --check test/webp-fallback-browser.js && node --check test/image-fallback-boundary.mjs && node --check src/background.js && node --check test/background.mjs && node --check src/image-import.js && node --check test/image-import.mjs && node --check test/native-background.mjs && node --check src/background-import.js && node --check test/background-inheritance.mjs && node --check test/rich-table.mjs && node --check src/table-import.js && node --check test/rich-table-import.mjs && node --check test/rich-table-import-browser.js && node --check test/table-row-sizing.mjs && node --check test/table-styles.mjs && node --check test/table-styles-browser.js && node --check test/styled-table.mjs && node --check src/table-cell-import.js && node --check test/styled-table-import.mjs && node --check test/styled-table-import-browser.js && node --check src/table-border-import.js && node --check test/table-border-styles.mjs && node --check src/card-provenance.js && node --check test/content-cards.mjs && node --check src/chart-workbook.js && node --check test/chart-colors.mjs && node --check test/chart-workbook.mjs && node --check test/native-chart-colors.mjs && node --check src/heading-provenance.js && node --check test/accepted-text.mjs && node --check test/heading-provenance.mjs

npm warn Unknown env config "npm-globalconfig". This will stop working in the next major version of npm. See `npm help npmrc` for supported config options.
npm warn Unknown env config "verify-deps-before-run". This will stop working in the next major version of npm. See `npm help npmrc` for supported config options.
npm warn Unknown env config "_jsr-registry". This will stop working in the next major version of npm. See `npm help npmrc` for supported config options.

> @openpresentation/opf-pptx@0.7.0 validate
> node scripts/validate-package.mjs

@openpresentation/opf-pptx metadata is release-lane ready.
npm warn Unknown env config "npm-globalconfig". This will stop working in the next major version of npm. See `npm help npmrc` for supported config options.
npm warn Unknown env config "verify-deps-before-run". This will stop working in the next major version of npm. See `npm help npmrc` for supported config options.
npm warn Unknown env config "_jsr-registry". This will stop working in the next major version of npm. See `npm help npmrc` for supported config options.

> @openpresentation/opf-pptx@0.7.0 test
> npm run build && node test/accepted-text.mjs && node test/heading-provenance.mjs && node test/chart-colors.mjs && node test/content-cards.mjs && node test/chart-workbook.mjs && node test/dependency-boundary.mjs && npm run build:browser-check && npm run test:styled-table && node test/content-layout.mjs && node test/shared-quote.mjs

npm warn Unknown env config "npm-globalconfig". This will stop working in the next major version of npm. See `npm help npmrc` for supported config options.
npm warn Unknown env config "verify-deps-before-run". This will stop working in the next major version of npm. See `npm help npmrc` for supported config options.
npm warn Unknown env config "_jsr-registry". This will stop working in the next major version of npm. See `npm help npmrc` for supported config options.

> @openpresentation/opf-pptx@0.7.0 build
> node scripts/build.mjs

Vendored upstream distribution and license match recorded hashes.
Accepted text PPTX: 24 cases / 144 editable lines retain shared anchors, sizes, styles, no-refit and words through import. Native raster and original OPF structure are separate gates.
Heading provenance: native edits, shape renaming/reordering and 8 damaged/ambiguous group fallbacks preserve visible words.
Native chart colors passed: 40 charts, explicit chart panel, single alpha fill, axis/legend colors and exact data reimport.
Content cards: 8 wide/portrait/on/off/alpha exports preserve source, shared frame and body bounds, radius and native metric fields; slide false overrides deck true. Native raster fidelity and frame reimport are not established.
Chart workbook checks passed: 37 bounded heading/preservation cases, Unicode/whitespace, rich shared strings, unsupported/external/corrupt metadata and deterministic actual export/reimport.
"RED" is not a valid scheme color or hex RGB! "000000" used instead. Only provide 6-digit RGB or 'pptx.SchemeColor' values!
""/><EVIL/>" is not a valid scheme color or hex RGB! "000000" used instead. Only provide 6-digit RGB or 'pptx.SchemeColor' values!
Backgrounds passed: 38 gradient/solid cases, 990 independently compared SVG/native samples, alpha, overrides, round-trips, native edits, empty/single/descending stops and unsupported-import diagnostics.
Native background inheritance passed: 70 layout/master/theme/map/reference/diagnostic cases and theme-slot opacity.
Native Keynote backgrounds passed: 18 PNG comparisons from 12 exported native images, native PPTX import, blank-slide preservation; observed max channel 8, alpha 1, opaque mean 0.37809606481481484.
Table layout passed: 168 cells, 24 shrink cases, 24 content-sized rows, Roboto/Calibri substitution, two canvas sizes, header/no-header tables, alignment, native rows and source text preservation.
Variable table rows passed: unchanged short rows, five-line rich cell containment, identical SVG/native row heights and native table extent.
Table import passed: headers, headerless data, blank rows/headers, repeated round-trips, native edits and XML boolean forms.
Rich tables passed: canonical headers/cells, SVG traces/styles/links, native editable runs/fonts/styles/point sizes/scripts/hyperlinks, scalar preservation and immutable input.
Native rich table import passed: styles, alpha, theme fonts/colors, defaults/resets, links, XML child order, fields, whitespace/blank lines, repeated conversion and path-specific diagnostics.
Native conditional table text styles passed: archive/inline definitions, DrawingML precedence, edge/corner overlaps, band parity, fonts/colors/alpha, direct overrides, repeated conversion, and diagnostics.
Conditional cell fills passed: band/edge/corner precedence, ordered theme references, placeholder alpha and direct overrides.
Native conditional table borders passed: outer frame/interior grid, bands/edges/corners, partial/direct overrides, theme lines/alpha, missing-reference masking, repeated conversion and diagnostics.
Object IDs passed: eight slides mixing tables, text, pictures, charts and lists, deterministic bytes and native import.
Image fitting passed: 45 SVG/native geometry cases, 9 raster fixtures, fit/crop, slide overrides, byte/alt preservation, host resolution and malformed headers.
Image orientation passed: all 8 EXIF orientations in fit/crop, native corner transforms, normalized metadata, unchanged pixels and bounded EXIF offsets.
Picture import passed: 42 orientation/native-edit/EXIF cases, exact source JPEG round-trips, independent pixel permutations, metadata preservation and crop/transform diagnostics.
Image media types passed: 32 byte/object/data-URI/local/host-path cases, native extensions/content types, byte preservation and imported MIME.
WebP fallback passed: 36 fit/crop and input-form cases, Pillow pixel references, alpha, EXIF, first animation frame, deterministic output, errors and unchanged source bytes.
Native decoder boundary passed: ordinary/preserved images work without Sharp; unavailable WebP conversion fails with its OPF path.
Corpus structure passed: 126 decks, 805 slides, 26 explicitly substituted images; fallback fonts, valid slide XML, unique IDs, finite geometry, table grids and imported slide counts.
PPTX dependency boundary passed: model suite and data/local/resolved images work without image-size.
npm warn Unknown env config "npm-globalconfig". This will stop working in the next major version of npm. See `npm help npmrc` for supported config options.
npm warn Unknown env config "verify-deps-before-run". This will stop working in the next major version of npm. See `npm help npmrc` for supported config options.
npm warn Unknown env config "_jsr-registry". This will stop working in the next major version of npm. See `npm help npmrc` for supported config options.

> @openpresentation/opf-pptx@0.7.0 build:browser-check
> node scripts/build-browser-check.mjs

Browser build passed: browser decoder selected, no Sharp/native inputs. Serve the repository and open /artifacts/webp-fallback/browser/index.html for pixel checks.
Native rich table import browser bundle ready at /artifacts/native-rich-table-import/browser/index.html.
Native conditional table style browser bundle ready at /artifacts/native-table-styles/browser/index.html.
Native styled table browser bundle ready at /artifacts/native-styled-table-import/browser/index.html.
Native content browser bundle ready at /artifacts/native-content-layout/browser/index.html.
Chart color/workbook browser bundle ready at /artifacts/chart-colors/browser/index.html.
npm warn Unknown env config "npm-globalconfig". This will stop working in the next major version of npm. See `npm help npmrc` for supported config options.
npm warn Unknown env config "verify-deps-before-run". This will stop working in the next major version of npm. See `npm help npmrc` for supported config options.
npm warn Unknown env config "_jsr-registry". This will stop working in the next major version of npm. See `npm help npmrc` for supported config options.

> @openpresentation/opf-pptx@0.7.0 test:styled-table
> node test/styled-table.mjs && node test/styled-table-import.mjs

Styled native table export passed: merged grid, unique text, full covered rows, colors/alpha, border dashes, zero/fractional padding, alignment, scaled row geometry and determinism.
Native merge perimeter regression passed: continuation and neighbor edges, transparent dashes, dotted top, hidden bottom and scaling.
Styled native table import passed: direct fills/alpha, borders, margins, alignment, dense merges, repeated conversion, header crossing and text-preserving malformed-merge diagnostics.
Native content layout passed: 36 payload text lines match actual renderer typography/geometry; 8 long quotes preserve footer separation and 2 oversized quotes reject in strict mode; code styling, quote source and editable timeline markers across two canvas sizes.
Shared quote PPTX: 4 wide/portrait decks and 6 native lines match accepted geometry/styles without re-fitting; reimport and strict/unusable-space rejection pass.
npm warn Unknown env config "npm-globalconfig". This will stop working in the next major version of npm. See `npm help npmrc` for supported config options.
npm warn Unknown env config "verify-deps-before-run". This will stop working in the next major version of npm. See `npm help npmrc` for supported config options.
npm warn Unknown env config "_jsr-registry". This will stop working in the next major version of npm. See `npm help npmrc` for supported config options.

> @openpresentation/opf-pptx@0.7.0 test:code
> node test/shared-code.mjs && node test/code-provenance.mjs

Shared code PPTX: 8 decks, 37 accepted native lines, 8 tab stops, six whitespace imports, strict failures, 132 XML-boundary rejections and valid character boundaries verified.
Code provenance: exact source/metadata, native edits, ordering, empty/Unicode values, five damaged groups and edited generated label verified.

> openpresentation-workspace@ test:skills C:\Users\micha\Source\opf\artifacts\shared-metric-integration\opf
> node scripts/test-skills.mjs

Skills passed: 6 self-contained skill folders, 3 valid OPF examples, 17 helper execution checks (including portable installation).

> openpresentation-workspace@ test:ecosystem C:\Users\micha\Source\opf\artifacts\shared-metric-integration\opf
> node --import ./scripts/register-local-opf.mjs scripts/test-ecosystem.mjs

Ecosystem checks passed. Artifacts: C:\Users\micha\AppData\Local\Temp\opf-ecosystem-13wm6J

> openpresentation-workspace@ test:pagination C:\Users\micha\Source\opf\artifacts\shared-metric-integration\opf
> node --import ./scripts/register-local-opf.mjs scripts/test-pagination-ecosystem.mjs

Pagination ecosystem passed: 2 source slides -> 8 pages; all text and 55 table rows preserved.

> openpresentation-workspace@ test:layout C:\Users\micha\Source\opf\artifacts\shared-metric-integration\opf
> node --import ./scripts/register-local-opf.mjs scripts/test-layout-ecosystem.mjs

Track resize ecosystem passed: root and nested weights, block moves/creation/duplication/deletion, measured SVG/native PPTX geometry, editable shapes and undo.

> openpresentation-workspace@ test:lists C:\Users\micha\Source\opf\artifacts\shared-metric-integration\opf
> node --import ./scripts/register-local-opf.mjs scripts/test-list-ecosystem.mjs

List ecosystem passed: 7 native bullets, 10 measured lines, rich runs, descriptions and SVG/PPTX indent coordinates.

> openpresentation-workspace@ test:rich-text C:\Users\micha\Source\opf\artifacts\shared-metric-integration\opf
> node --import ./scripts/register-local-opf.mjs scripts/test-rich-text-ecosystem.mjs

Rich text ecosystem passed: measured SVG styles, native PPTX formatting, scripts and hyperlinks.

> openpresentation-workspace@ test:data C:\Users\micha\Source\opf\artifacts\shared-metric-integration\opf
> node --import ./scripts/register-local-opf.mjs scripts/test-data-ecosystem.mjs

Data ecosystem passed: all series, signed measures, numeric categories, pie/donut, and PPTX export/import.

> openpresentation-workspace@ test:fonts C:\Users\micha\Source\opf\artifacts\shared-metric-integration\opf
> node --import ./scripts/register-local-opf.mjs scripts/test-font-ecosystem.mjs && node --import ./scripts/register-local-opf.mjs scripts/test-office-fonts.mjs

Font ecosystem passed: 3 pages with matching editor/SVG/PPTX geometry and exact measured PowerPoint line breaks.
Browser width reference: 324.169921875
Office fonts passed: 6 pages, matching editor/SVG geometry and resolved native PPTX families; 24 substitute faces with license notices.

> openpresentation-workspace@ demo:editor C:\Users\micha\Source\opf\artifacts\shared-metric-integration\opf
> node scripts/build-editor-demo.mjs

Gallery snapshot: 126 bundled OPF examples (no sibling gallery).
▲ [WARNING] Ignoring this import because "packages/javascript/dist/chunk-4BX4YX5C.js" was marked as having no side effects [ignored-bare-import]

    packages/javascript/dist/pagination.js:2:7:
      2 │ import './chunk-4BX4YX5C.js';
        ╵        ~~~~~~~~~~~~~~~~~~~~~

  "sideEffects" is false in the enclosing "package.json" file:

    packages/javascript/package.json:29:2:
      29 │   "sideEffects": false,
         ╵   ~~~~~~~~~~~~~

▲ [WARNING] Ignoring this import because "packages/javascript/dist/chunk-PA4UHUYO.js" was marked as having no side effects [ignored-bare-import]

    packages/javascript/dist/pagination.js:3:7:
      3 │ import './chunk-PA4UHUYO.js';
        ╵        ~~~~~~~~~~~~~~~~~~~~~

  "sideEffects" is false in the enclosing "package.json" file:

    packages/javascript/package.json:29:2:
      29 │   "sideEffects": false,
         ╵   ~~~~~~~~~~~~~

▲ [WARNING] Ignoring this import because "packages/javascript/dist/chunk-GQSK3T7X.js" was marked as having no side effects [ignored-bare-import]

    packages/javascript/dist/pagination.js:4:7:
      4 │ import './chunk-GQSK3T7X.js';
        ╵        ~~~~~~~~~~~~~~~~~~~~~

  "sideEffects" is false in the enclosing "package.json" file:

    packages/javascript/package.json:29:2:
      29 │   "sideEffects": false,
         ╵   ~~~~~~~~~~~~~

▲ [WARNING] Ignoring this import because "packages/javascript/dist/chunk-TWMRZ43O.js" was marked as having no side effects [ignored-bare-import]

    packages/javascript/dist/pagination.js:5:7:
      5 │ import './chunk-TWMRZ43O.js';
        ╵        ~~~~~~~~~~~~~~~~~~~~~

  "sideEffects" is false in the enclosing "package.json" file:

    packages/javascript/package.json:29:2:
      29 │   "sideEffects": false,
         ╵   ~~~~~~~~~~~~~

▲ [WARNING] Ignoring this import because "packages/javascript/dist/chunk-4BX4YX5C.js" was marked as having no side effects [ignored-bare-import]

    packages/javascript/dist/pagination.js:2:7:
      2 │ import './chunk-4BX4YX5C.js';
        ╵        ~~~~~~~~~~~~~~~~~~~~~

  "sideEffects" is false in the enclosing "package.json" file:

    packages/javascript/package.json:29:2:
      29 │   "sideEffects": false,
         ╵   ~~~~~~~~~~~~~

▲ [WARNING] Ignoring this import because "packages/javascript/dist/chunk-PA4UHUYO.js" was marked as having no side effects [ignored-bare-import]

    packages/javascript/dist/pagination.js:3:7:
      3 │ import './chunk-PA4UHUYO.js';
        ╵        ~~~~~~~~~~~~~~~~~~~~~

  "sideEffects" is false in the enclosing "package.json" file:

    packages/javascript/package.json:29:2:
      29 │   "sideEffects": false,
         ╵   ~~~~~~~~~~~~~

▲ [WARNING] Ignoring this import because "packages/javascript/dist/chunk-GQSK3T7X.js" was marked as having no side effects [ignored-bare-import]

    packages/javascript/dist/pagination.js:4:7:
      4 │ import './chunk-GQSK3T7X.js';
        ╵        ~~~~~~~~~~~~~~~~~~~~~

  "sideEffects" is false in the enclosing "package.json" file:

    packages/javascript/package.json:29:2:
      29 │   "sideEffects": false,
         ╵   ~~~~~~~~~~~~~

▲ [WARNING] Ignoring this import because "packages/javascript/dist/chunk-TWMRZ43O.js" was marked as having no side effects [ignored-bare-import]

    packages/javascript/dist/pagination.js:5:7:
      5 │ import './chunk-TWMRZ43O.js';
        ╵        ~~~~~~~~~~~~~~~~~~~~~

  "sideEffects" is false in the enclosing "package.json" file:

    packages/javascript/package.json:29:2:
      29 │   "sideEffects": false,
         ╵   ~~~~~~~~~~~~~

Editor playground built: C:\Users\micha\Source\opf\artifacts\shared-metric-integration\opf\artifacts\editor
Serve with: python3 -m http.server 3102 --directory artifacts/editor
▲ [WARNING] Ignoring this import because "packages/javascript/dist/chunk-4BX4YX5C.js" was marked as having no side effects [ignored-bare-import]

    packages/javascript/dist/pagination.js:2:7:
      2 │ import './chunk-4BX4YX5C.js';
        ╵        ~~~~~~~~~~~~~~~~~~~~~

  "sideEffects" is false in the enclosing "package.json" file:

    packages/javascript/package.json:29:2:
      29 │   "sideEffects": false,
         ╵   ~~~~~~~~~~~~~

▲ [WARNING] Ignoring this import because "packages/javascript/dist/chunk-PA4UHUYO.js" was marked as having no side effects [ignored-bare-import]

    packages/javascript/dist/pagination.js:3:7:
      3 │ import './chunk-PA4UHUYO.js';
        ╵        ~~~~~~~~~~~~~~~~~~~~~

  "sideEffects" is false in the enclosing "package.json" file:

    packages/javascript/package.json:29:2:
      29 │   "sideEffects": false,
         ╵   ~~~~~~~~~~~~~

▲ [WARNING] Ignoring this import because "packages/javascript/dist/chunk-GQSK3T7X.js" was marked as having no side effects [ignored-bare-import]

    packages/javascript/dist/pagination.js:4:7:
      4 │ import './chunk-GQSK3T7X.js';
        ╵        ~~~~~~~~~~~~~~~~~~~~~

  "sideEffects" is false in the enclosing "package.json" file:

    packages/javascript/package.json:29:2:
      29 │   "sideEffects": false,
         ╵   ~~~~~~~~~~~~~

▲ [WARNING] Ignoring this import because "packages/javascript/dist/chunk-TWMRZ43O.js" was marked as having no side effects [ignored-bare-import]

    packages/javascript/dist/pagination.js:5:7:
      5 │ import './chunk-TWMRZ43O.js';
        ╵        ~~~~~~~~~~~~~~~~~~~~~

  "sideEffects" is false in the enclosing "package.json" file:

    packages/javascript/package.json:29:2:
      29 │   "sideEffects": false,
         ╵   ~~~~~~~~~~~~~

▲ [WARNING] Ignoring this import because "packages/javascript/dist/chunk-4BX4YX5C.js" was marked as having no side effects [ignored-bare-import]

    packages/javascript/dist/pagination.js:2:7:
      2 │ import './chunk-4BX4YX5C.js';
        ╵        ~~~~~~~~~~~~~~~~~~~~~

  "sideEffects" is false in the enclosing "package.json" file:

    packages/javascript/package.json:29:2:
      29 │   "sideEffects": false,
         ╵   ~~~~~~~~~~~~~

▲ [WARNING] Ignoring this import because "packages/javascript/dist/chunk-PA4UHUYO.js" was marked as having no side effects [ignored-bare-import]

    packages/javascript/dist/pagination.js:3:7:
      3 │ import './chunk-PA4UHUYO.js';
        ╵        ~~~~~~~~~~~~~~~~~~~~~

  "sideEffects" is false in the enclosing "package.json" file:

    packages/javascript/package.json:29:2:
      29 │   "sideEffects": false,
         ╵   ~~~~~~~~~~~~~

▲ [WARNING] Ignoring this import because "packages/javascript/dist/chunk-GQSK3T7X.js" was marked as having no side effects [ignored-bare-import]

    packages/javascript/dist/pagination.js:4:7:
      4 │ import './chunk-GQSK3T7X.js';
        ╵        ~~~~~~~~~~~~~~~~~~~~~

  "sideEffects" is false in the enclosing "package.json" file:

    packages/javascript/package.json:29:2:
      29 │   "sideEffects": false,
         ╵   ~~~~~~~~~~~~~

▲ [WARNING] Ignoring this import because "packages/javascript/dist/chunk-TWMRZ43O.js" was marked as having no side effects [ignored-bare-import]

    packages/javascript/dist/pagination.js:5:7:
      5 │ import './chunk-TWMRZ43O.js';
        ╵        ~~~~~~~~~~~~~~~~~~~~~

  "sideEffects" is false in the enclosing "package.json" file:

    packages/javascript/package.json:29:2:
      29 │   "sideEffects": false,
         ╵   ~~~~~~~~~~~~~

▲ [WARNING] Ignoring this import because "packages/javascript/dist/chunk-4BX4YX5C.js" was marked as having no side effects [ignored-bare-import]

    packages/javascript/dist/pagination.js:2:7:
      2 │ import './chunk-4BX4YX5C.js';
        ╵        ~~~~~~~~~~~~~~~~~~~~~

  "sideEffects" is false in the enclosing "package.json" file:

    packages/javascript/package.json:29:2:
      29 │   "sideEffects": false,
         ╵   ~~~~~~~~~~~~~

▲ [WARNING] Ignoring this import because "packages/javascript/dist/chunk-PA4UHUYO.js" was marked as having no side effects [ignored-bare-import]

    packages/javascript/dist/pagination.js:3:7:
      3 │ import './chunk-PA4UHUYO.js';
        ╵        ~~~~~~~~~~~~~~~~~~~~~

  "sideEffects" is false in the enclosing "package.json" file:

    packages/javascript/package.json:29:2:
      29 │   "sideEffects": false,
         ╵   ~~~~~~~~~~~~~

▲ [WARNING] Ignoring this import because "packages/javascript/dist/chunk-GQSK3T7X.js" was marked as having no side effects [ignored-bare-import]

    packages/javascript/dist/pagination.js:4:7:
      4 │ import './chunk-GQSK3T7X.js';
        ╵        ~~~~~~~~~~~~~~~~~~~~~

  "sideEffects" is false in the enclosing "package.json" file:

    packages/javascript/package.json:29:2:
      29 │   "sideEffects": false,
         ╵   ~~~~~~~~~~~~~

▲ [WARNING] Ignoring this import because "packages/javascript/dist/chunk-TWMRZ43O.js" was marked as having no side effects [ignored-bare-import]

    packages/javascript/dist/pagination.js:5:7:
      5 │ import './chunk-TWMRZ43O.js';
        ╵        ~~~~~~~~~~~~~~~~~~~~~

  "sideEffects" is false in the enclosing "package.json" file:

    packages/javascript/package.json:29:2:
      29 │   "sideEffects": false,
         ╵   ~~~~~~~~~~~~~

▲ [WARNING] Ignoring this import because "packages/javascript/dist/chunk-4BX4YX5C.js" was marked as having no side effects [ignored-bare-import]

    packages/javascript/dist/pagination.js:2:7:
      2 │ import './chunk-4BX4YX5C.js';
        ╵        ~~~~~~~~~~~~~~~~~~~~~

  "sideEffects" is false in the enclosing "package.json" file:

    packages/javascript/package.json:29:2:
      29 │   "sideEffects": false,
         ╵   ~~~~~~~~~~~~~

▲ [WARNING] Ignoring this import because "packages/javascript/dist/chunk-PA4UHUYO.js" was marked as having no side effects [ignored-bare-import]

    packages/javascript/dist/pagination.js:3:7:
      3 │ import './chunk-PA4UHUYO.js';
        ╵        ~~~~~~~~~~~~~~~~~~~~~

  "sideEffects" is false in the enclosing "package.json" file:

    packages/javascript/package.json:29:2:
      29 │   "sideEffects": false,
         ╵   ~~~~~~~~~~~~~

▲ [WARNING] Ignoring this import because "packages/javascript/dist/chunk-GQSK3T7X.js" was marked as having no side effects [ignored-bare-import]

    packages/javascript/dist/pagination.js:4:7:
      4 │ import './chunk-GQSK3T7X.js';
        ╵        ~~~~~~~~~~~~~~~~~~~~~

  "sideEffects" is false in the enclosing "package.json" file:

    packages/javascript/package.json:29:2:
      29 │   "sideEffects": false,
         ╵   ~~~~~~~~~~~~~

▲ [WARNING] Ignoring this import because "packages/javascript/dist/chunk-TWMRZ43O.js" was marked as having no side effects [ignored-bare-import]

    packages/javascript/dist/pagination.js:5:7:
      5 │ import './chunk-TWMRZ43O.js';
        ╵        ~~~~~~~~~~~~~~~~~~~~~

  "sideEffects" is false in the enclosing "package.json" file:

    packages/javascript/package.json:29:2:
      29 │   "sideEffects": false,
         ╵   ~~~~~~~~~~~~~

▲ [WARNING] Ignoring this import because "packages/javascript/dist/chunk-4BX4YX5C.js" was marked as having no side effects [ignored-bare-import]

    packages/javascript/dist/pagination.js:2:7:
      2 │ import './chunk-4BX4YX5C.js';
        ╵        ~~~~~~~~~~~~~~~~~~~~~

  "sideEffects" is false in the enclosing "package.json" file:

    packages/javascript/package.json:29:2:
      29 │   "sideEffects": false,
         ╵   ~~~~~~~~~~~~~

▲ [WARNING] Ignoring this import because "packages/javascript/dist/chunk-PA4UHUYO.js" was marked as having no side effects [ignored-bare-import]

    packages/javascript/dist/pagination.js:3:7:
      3 │ import './chunk-PA4UHUYO.js';
        ╵        ~~~~~~~~~~~~~~~~~~~~~

  "sideEffects" is false in the enclosing "package.json" file:

    packages/javascript/package.json:29:2:
      29 │   "sideEffects": false,
         ╵   ~~~~~~~~~~~~~

▲ [WARNING] Ignoring this import because "packages/javascript/dist/chunk-GQSK3T7X.js" was marked as having no side effects [ignored-bare-import]

    packages/javascript/dist/pagination.js:4:7:
      4 │ import './chunk-GQSK3T7X.js';
        ╵        ~~~~~~~~~~~~~~~~~~~~~

  "sideEffects" is false in the enclosing "package.json" file:

    packages/javascript/package.json:29:2:
      29 │   "sideEffects": false,
         ╵   ~~~~~~~~~~~~~

▲ [WARNING] Ignoring this import because "packages/javascript/dist/chunk-TWMRZ43O.js" was marked as having no side effects [ignored-bare-import]

    packages/javascript/dist/pagination.js:5:7:
      5 │ import './chunk-TWMRZ43O.js';
        ╵        ~~~~~~~~~~~~~~~~~~~~~

  "sideEffects" is false in the enclosing "package.json" file:

    packages/javascript/package.json:29:2:
      29 │   "sideEffects": false,
         ╵   ~~~~~~~~~~~~~

▲ [WARNING] Ignoring this import because "packages/javascript/dist/chunk-4BX4YX5C.js" was marked as having no side effects [ignored-bare-import]

    packages/javascript/dist/pagination.js:2:7:
      2 │ import './chunk-4BX4YX5C.js';
        ╵        ~~~~~~~~~~~~~~~~~~~~~

  "sideEffects" is false in the enclosing "package.json" file:

    packages/javascript/package.json:29:2:
      29 │   "sideEffects": false,
         ╵   ~~~~~~~~~~~~~

▲ [WARNING] Ignoring this import because "packages/javascript/dist/chunk-PA4UHUYO.js" was marked as having no side effects [ignored-bare-import]

    packages/javascript/dist/pagination.js:3:7:
      3 │ import './chunk-PA4UHUYO.js';
        ╵        ~~~~~~~~~~~~~~~~~~~~~

  "sideEffects" is false in the enclosing "package.json" file:

    packages/javascript/package.json:29:2:
      29 │   "sideEffects": false,
         ╵   ~~~~~~~~~~~~~

▲ [WARNING] Ignoring this import because "packages/javascript/dist/chunk-GQSK3T7X.js" was marked as having no side effects [ignored-bare-import]

    packages/javascript/dist/pagination.js:4:7:
      4 │ import './chunk-GQSK3T7X.js';
        ╵        ~~~~~~~~~~~~~~~~~~~~~

  "sideEffects" is false in the enclosing "package.json" file:

    packages/javascript/package.json:29:2:
      29 │   "sideEffects": false,
         ╵   ~~~~~~~~~~~~~

▲ [WARNING] Ignoring this import because "packages/javascript/dist/chunk-TWMRZ43O.js" was marked as having no side effects [ignored-bare-import]

    packages/javascript/dist/pagination.js:5:7:
      5 │ import './chunk-TWMRZ43O.js';
        ╵        ~~~~~~~~~~~~~~~~~~~~~

  "sideEffects" is false in the enclosing "package.json" file:

    packages/javascript/package.json:29:2:
      29 │   "sideEffects": false,
         ╵   ~~~~~~~~~~~~~

▲ [WARNING] Ignoring this import because "packages/javascript/dist/chunk-4BX4YX5C.js" was marked as having no side effects [ignored-bare-import]

    packages/javascript/dist/pagination.js:2:7:
      2 │ import './chunk-4BX4YX5C.js';
        ╵        ~~~~~~~~~~~~~~~~~~~~~

  "sideEffects" is false in the enclosing "package.json" file:

    packages/javascript/package.json:29:2:
      29 │   "sideEffects": false,
         ╵   ~~~~~~~~~~~~~

▲ [WARNING] Ignoring this import because "packages/javascript/dist/chunk-PA4UHUYO.js" was marked as having no side effects [ignored-bare-import]

    packages/javascript/dist/pagination.js:3:7:
      3 │ import './chunk-PA4UHUYO.js';
        ╵        ~~~~~~~~~~~~~~~~~~~~~

  "sideEffects" is false in the enclosing "package.json" file:

    packages/javascript/package.json:29:2:
      29 │   "sideEffects": false,
         ╵   ~~~~~~~~~~~~~

▲ [WARNING] Ignoring this import because "packages/javascript/dist/chunk-GQSK3T7X.js" was marked as having no side effects [ignored-bare-import]

    packages/javascript/dist/pagination.js:4:7:
      4 │ import './chunk-GQSK3T7X.js';
        ╵        ~~~~~~~~~~~~~~~~~~~~~

  "sideEffects" is false in the enclosing "package.json" file:

    packages/javascript/package.json:29:2:
      29 │   "sideEffects": false,
         ╵   ~~~~~~~~~~~~~

▲ [WARNING] Ignoring this import because "packages/javascript/dist/chunk-TWMRZ43O.js" was marked as having no side effects [ignored-bare-import]

    packages/javascript/dist/pagination.js:5:7:
      5 │ import './chunk-TWMRZ43O.js';
        ╵        ~~~~~~~~~~~~~~~~~~~~~

  "sideEffects" is false in the enclosing "package.json" file:

    packages/javascript/package.json:29:2:
      29 │   "sideEffects": false,
         ╵   ~~~~~~~~~~~~~

▲ [WARNING] Ignoring this import because "packages/javascript/dist/chunk-4BX4YX5C.js" was marked as having no side effects [ignored-bare-import]

    packages/javascript/dist/pagination.js:2:7:
      2 │ import './chunk-4BX4YX5C.js';
        ╵        ~~~~~~~~~~~~~~~~~~~~~

  "sideEffects" is false in the enclosing "package.json" file:

    packages/javascript/package.json:29:2:
      29 │   "sideEffects": false,
         ╵   ~~~~~~~~~~~~~

▲ [WARNING] Ignoring this import because "packages/javascript/dist/chunk-PA4UHUYO.js" was marked as having no side effects [ignored-bare-import]

    packages/javascript/dist/pagination.js:3:7:
      3 │ import './chunk-PA4UHUYO.js';
        ╵        ~~~~~~~~~~~~~~~~~~~~~

  "sideEffects" is false in the enclosing "package.json" file:

    packages/javascript/package.json:29:2:
      29 │   "sideEffects": false,
         ╵   ~~~~~~~~~~~~~

▲ [WARNING] Ignoring this import because "packages/javascript/dist/chunk-GQSK3T7X.js" was marked as having no side effects [ignored-bare-import]

    packages/javascript/dist/pagination.js:4:7:
      4 │ import './chunk-GQSK3T7X.js';
        ╵        ~~~~~~~~~~~~~~~~~~~~~

  "sideEffects" is false in the enclosing "package.json" file:

    packages/javascript/package.json:29:2:
      29 │   "sideEffects": false,
         ╵   ~~~~~~~~~~~~~

▲ [WARNING] Ignoring this import because "packages/javascript/dist/chunk-TWMRZ43O.js" was marked as having no side effects [ignored-bare-import]

    packages/javascript/dist/pagination.js:5:7:
      5 │ import './chunk-TWMRZ43O.js';
        ╵        ~~~~~~~~~~~~~~~~~~~~~

  "sideEffects" is false in the enclosing "package.json" file:

    packages/javascript/package.json:29:2:
      29 │   "sideEffects": false,
         ╵   ~~~~~~~~~~~~~

Built artifacts/rich-table-browser. Serve this directory over HTTP; open index.html and inspect the visible PASS/FAIL results.
▲ [WARNING] Ignoring this import because "packages/javascript/dist/chunk-4BX4YX5C.js" was marked as having no side effects [ignored-bare-import]

    packages/javascript/dist/pagination.js:2:7:
      2 │ import './chunk-4BX4YX5C.js';
        ╵        ~~~~~~~~~~~~~~~~~~~~~

  "sideEffects" is false in the enclosing "package.json" file:

    packages/javascript/package.json:29:2:
      29 │   "sideEffects": false,
         ╵   ~~~~~~~~~~~~~

▲ [WARNING] Ignoring this import because "packages/javascript/dist/chunk-PA4UHUYO.js" was marked as having no side effects [ignored-bare-import]

    packages/javascript/dist/pagination.js:3:7:
      3 │ import './chunk-PA4UHUYO.js';
        ╵        ~~~~~~~~~~~~~~~~~~~~~

  "sideEffects" is false in the enclosing "package.json" file:

    packages/javascript/package.json:29:2:
      29 │   "sideEffects": false,
         ╵   ~~~~~~~~~~~~~

▲ [WARNING] Ignoring this import because "packages/javascript/dist/chunk-GQSK3T7X.js" was marked as having no side effects [ignored-bare-import]

    packages/javascript/dist/pagination.js:4:7:
      4 │ import './chunk-GQSK3T7X.js';
        ╵        ~~~~~~~~~~~~~~~~~~~~~

  "sideEffects" is false in the enclosing "package.json" file:

    packages/javascript/package.json:29:2:
      29 │   "sideEffects": false,
         ╵   ~~~~~~~~~~~~~

▲ [WARNING] Ignoring this import because "packages/javascript/dist/chunk-TWMRZ43O.js" was marked as having no side effects [ignored-bare-import]

    packages/javascript/dist/pagination.js:5:7:
      5 │ import './chunk-TWMRZ43O.js';
        ╵        ~~~~~~~~~~~~~~~~~~~~~

  "sideEffects" is false in the enclosing "package.json" file:

    packages/javascript/package.json:29:2:
      29 │   "sideEffects": false,
         ╵   ~~~~~~~~~~~~~

Built artifacts/styled-table-browser. Serve this directory over HTTP; open index.html and inspect the visible PASS/FAIL results.

> openpresentation-workspace@ pack:ecosystem C:\Users\micha\Source\opf\artifacts\shared-metric-integration\opf
> node scripts/pack-ecosystem.mjs

[
  {
    "name": "@openpresentation/opf",
    "version": "0.4.0-preview.11",
    "file": "openpresentation-opf-0.4.0-preview.11.tgz",
    "sha256": "c413afb7e1dea2601a5defcc4ffc45ecafb102a01ac218b0641d68d879b1dc42",
    "bytes": 2331037
  },
  {
    "name": "@openpresentation/opf-render",
    "version": "0.1.0-preview.11",
    "file": "openpresentation-opf-render-0.1.0-preview.11.tgz",
    "sha256": "9a2ef4633708f2f012de9bc580c5aabfd8595237c2b653ffbaac1156ba78a166",
    "bytes": 36834
  },
  {
    "name": "@openpresentation/opf-editor",
    "version": "0.1.0-preview.11",
    "file": "openpresentation-opf-editor-0.1.0-preview.11.tgz",
    "sha256": "2bb20d9005c8196f7aa5e99c629d024a6e5d95fba01184af37561f699e29bd10",
    "bytes": 56232
  },
  {
    "name": "@openpresentation/opf-pptx",
    "version": "0.1.0-preview.11",
    "file": "openpresentation-opf-pptx-0.1.0-preview.11.tgz",
    "sha256": "51cef11369041391199cba0b2b338abb2c449bf4184e47930cd8a4a3f5517f37",
    "bytes": 207441
  }
]

> openpresentation-workspace@ test:packed-ecosystem C:\Users\micha\Source\opf\artifacts\shared-metric-integration\opf
> node scripts/test-packed-ecosystem.mjs

npm warn Unknown env config "npm-globalconfig". This will stop working in the next major version of npm. See `npm help npmrc` for supported config options.
npm warn Unknown env config "verify-deps-before-run". This will stop working in the next major version of npm. See `npm help npmrc` for supported config options.
npm warn Unknown env config "_jsr-registry". This will stop working in the next major version of npm. See `npm help npmrc` for supported config options.

added 63 packages in 6s
Packed consumer: core, editor, SVG, measured fonts and PPTX passed.
✔ complete code parts preserve exact filename, language, body, whitespace and hard line boundaries (2.0863ms)
✔ shorthand, empty source and absent metadata retain their source and generated-label distinction (0.3221ms)
✔ long language labels and filenames are measured within their cell before allocating the body (2.845ms)
✔ wrapped whitespace and graphemes retain contiguous source offsets, including CRLF and blank final lines (0.5316ms)
✔ tabs use measured space stops and never send control tabs to the font-width provider (0.4851ms)
✔ readability floors scale once and body shrinking preserves all code content (0.3437ms)
✔ irreducible body and metadata failures remain explicit; strict mode does not return partial output (3.5842ms)
✔ invalid inner boxes never become invented one-pixel fits; malformed options reject (0.2271ms)
✔ font trials stay bounded independently of canvas scale (4.8702ms)
ℹ tests 9
ℹ suites 0
ℹ pass 9
ℹ fail 0
ℹ cancelled 0
ℹ skipped 0
ℹ todo 0
ℹ duration_ms 120.1377
✔ accepted code uses rounded cells and preserves body compatibility without repeated explanation measurements (3.1581ms)
✔ candidate penalties include complete code metadata and charge overflowing leaves once (6.2361ms)
✔ strict ancestors reject code metadata paths and cannot be weakened by descendants (88.1117ms)
✔ explicit code placement and weights remain authoritative even when metadata overflows (5.9503ms)
✔ pagination preserves exact code bytes, metadata, ranges and floors across wide and portrait slides (106.5935ms)
✔ irreducible code metadata rejects pagination even after earlier content or with an empty body (77.6857ms)
ℹ tests 6
ℹ suites 0
ℹ pass 6
ℹ fail 0
ℹ cancelled 0
ℹ skipped 0
ℹ todo 0
ℹ duration_ms 389.1384
Shared code PPTX: 8 decks, 37 accepted native lines, 8 tab stops, six whitespace imports, strict failures, 132 XML-boundary rejections and valid character boundaries verified.
Code provenance: exact source/metadata, native edits, ordering, empty/Unicode values, five damaged groups and edited generated label verified.
Shared code SVG: 10 accepted layouts, source/whitespace/trace preservation, no extra measurement, strict/tiny-cell rejection, 132 XML-boundary rejections and valid character boundaries.
Actual shared code browser: 12 wide/portrait cases with source preservation, accepted tab positions and contained glyphs.
Code canvas: wide/portrait source editing, metadata, CRLF, tabs, pagination, undo, offline export and bounded reimport checks pass.
Installed code: candidate source, pagination, metadata guards and actual offline browser workflows passed.
✔ complete quote layout preserves source ranges, requested/resolved styles and legacy readable geometry (1.4925ms)
✔ shorthand and empty metadata preserve schema paths without an invented footer (0.341ms)
✔ body and footer share available space before shrinking text or changing the outer arrangement (2.7089ms)
✔ long footer, body/footer collision and strict rejection remain explicit without source truncation (24.411ms)
✔ tiny cells retain invalid available dimensions and never measure an invented fitting box (0.1867ms)
✔ explicit readability floors are respected after scaling, including above nominal footer size (0.1613ms)
✔ invalid content, geometry, scales and policies fail before reporting a usable layout (0.1705ms)
ℹ tests 7
ℹ suites 0
ℹ pass 7
ℹ fail 0
ℹ cancelled 0
ℹ skipped 0
ℹ todo 0
ℹ duration_ms 89.0395
✔ accepted quote geometry includes all parts without changing source or re-measuring for explanations (2.6124ms)
✔ automatic candidates account for footer fit and choose the arrangement that keeps it readable (2.0609ms)
✔ strict ancestors reject a quote body diagnostic below the leaf path (56.1525ms)
✔ strict path matching respects component boundaries rather than numeric prefixes (42.8799ms)
✔ pagination preserves quote body, repeated metadata, ranges and the accepted readability floor (393.8459ms)
✔ irreducible footer overflow rejects pagination without mutating or returning partial content (9.393ms)
ℹ tests 6
ℹ suites 0
ℹ pass 6
ℹ fail 0
ℹ cancelled 0
ℹ skipped 0
ℹ todo 0
ℹ duration_ms 606.6129
Shared quote SVG: 4 exact accepted layouts/styles with no extra measurement, reasoned overflow, strict rejection and no tiny-cell omission.
Shared quote PPTX: 4 wide/portrait decks and 6 native lines match accepted geometry/styles without re-fitting; reimport and strict/unusable-space rejection pass.
Packed quote editor passed: accepted one-page policy, source preservation, actual fonts, SVG/PPTX, undo/redo and editable native text reimport. Quote semantics are not reconstructed on import.
Styled native table export passed: merged grid, unique text, full covered rows, colors/alpha, border dashes, zero/fractional padding, alignment, scaled row geometry and determinism.
Native merge perimeter regression passed: continuation and neighbor edges, transparent dashes, dotted top, hidden bottom and scaling.
Styled native table import passed: direct fills/alpha, borders, margins, alignment, dense merges, repeated conversion, header crossing and text-preserving malformed-merge diagnostics.
Native conditional table borders passed: outer frame/interior grid, bands/edges/corners, partial/direct overrides, theme lines/alpha, missing-reference masking, repeated conversion and diagnostics.
✔ short table rows preserve baseline geometry and missing cells (1.4383ms)
✔ wrapped and rich multiline rows grow into available space (2.2254ms)
✔ constrained tables consume spare row height before reporting real overflow (0.6415ms)
✔ readability settings and mixed-font metrics govern row fitting (0.2548ms)
✔ pagination retains complete multiline rows and repeated headers (91.6115ms)
✔ mixed-size table paragraphs reserve the native uniform line spacing (0.2717ms)
✔ spare height in short rows is removed before any font shrinking (0.1726ms)
ℹ tests 7
ℹ suites 0
ℹ pass 7
ℹ fail 0
ℹ cancelled 0
ℹ skipped 0
ℹ todo 0
ℹ duration_ms 194.3049
Packed consumer: TypeScript declarations and browser bundle passed.
Packed browser harness built: artifacts/editor/packed-canvas-tests.html (serve alongside demo fonts.json).
Installed styled-table browser harness built: artifacts/editor/packed-styled-table-tests.html. Open it to verify real pointer/keyboard interaction.
Local tarball consumer passed; this is not a registry verification.

> openpresentation-workspace@ test:cli:packed C:\Users\micha\Source\opf\artifacts\shared-metric-integration\opf
> pnpm --filter @openpresentation/cli test:packed


> @openpresentation/cli@0.7.0 test:packed C:\Users\micha\Source\opf\artifacts\shared-metric-integration\opf\packages\cli
> node test/packed.mjs

SKIP file symlink rejection: this Windows account lacks file-symlink privileges; Unix CI covers this case.
CLI passed 69 command checks: file preservation, patch operations, validation, pipes, schema lookup, pagination.
Standalone global and npx-style installation passed (local pack). Integrity: sha512-GFEBwERATE7m+88hyb0FRmkwfrVkCKT3GdZlGr6akfXwzsTUmf5lt62/QcLLiHwsqz4o0Idin7dwTLPLI28z8g==. Tarball: C:\Users\micha\Source\opf\artifacts\shared-metric-integration\opf\artifacts\cli\openpresentation-cli-0.7.0.tgz
