2026-09-21T18:25:12.8638368Z node: v24.20.0
2026-09-21T18:26:04.7944169Z       Tests  659 passed (659)
2026-09-21T18:27:30.3379018Z   ✓   1 tests/e2e/author-json-options.spec.ts:72:5 › Author categorical choices include built-in, document and loaded catalogs with exact LF source undo/redo (6.1s)
2026-09-21T18:27:35.7498567Z   ✓   2 tests/e2e/author-json-options.spec.ts:72:5 › Author categorical choices include built-in, document and loaded catalogs with exact CRLF source undo/redo (5.4s)
2026-09-21T18:27:41.2087674Z   ✓   3 tests/e2e/author.spec.ts:26:80 › anonymous code editing preserves source and visible selection through offline export/reimport at 1280x720 (5.4s)
2026-09-21T18:27:47.2938764Z   ✓   4 tests/e2e/author.spec.ts:26:80 › anonymous code editing preserves source and visible selection through offline export/reimport at 540x960 (6.1s)
2026-09-21T18:27:54.0854347Z   ✓   5 tests/e2e/author.spec.ts:55:5 › anonymous Author canvas edits survive tab changes, offline PowerPoint export and undoable reimport (6.8s)
2026-09-21T18:27:58.6756719Z   ✓   6 tests/e2e/completion-keyboard.spec.ts:64:5 › Author Ctrl+Space retains popup details, exact source history and editor remount behavior (4.6s)
2026-09-21T18:28:01.9328795Z   ✓   7 tests/e2e/completion-keyboard.spec.ts:126:5 › Author leaves Quick Input and modified Space keys with their original keyboard owners (3.2s)
2026-09-21T18:28:05.8281836Z   ✓   8 tests/e2e/completion-preservation.spec.ts:113:7 › Author Title Subtitle completion preserves LF compact source in one undo step (3.9s)
2026-09-21T18:28:09.5762004Z   ✓   9 tests/e2e/completion-preservation.spec.ts:113:7 › Author Text 2x completion preserves CRLF compact source in one undo step (3.7s)
2026-09-21T18:28:14.3310676Z   ✓  10 tests/e2e/completion-preservation.spec.ts:149:5 › Author escaped current value is not offered as an edit and leaves prior undo history intact (4.7s)
2026-09-21T18:28:19.6913609Z   ✓  11 tests/e2e/completion-preservation.spec.ts:178:5 › Author newer and invalid source dismiss stale choices and refresh inline catalogs (5.4s)
2026-09-21T18:28:23.7317696Z   ✓  12 tests/e2e/completion-preservation.spec.ts:219:5 › Author format and document changes cancel the open completion without applying it (4.0s)
2026-09-21T18:28:29.9937607Z   ✓  13 tests/e2e/inspector-editing.spec.ts:40:7 › all Inspector slides preserve exact JSON and shared furniture through offline undo/export at 1440px (6.3s)
2026-09-21T18:28:35.6968820Z   ✓  14 tests/e2e/inspector-editing.spec.ts:40:7 › all Inspector slides preserve exact JSON and shared furniture through offline undo/export at 540px (5.7s)
2026-09-21T18:28:39.3704707Z   ✓  15 tests/e2e/inspector-editing.spec.ts:99:5 › invalid source keeps a renderer fallback and source recovery uses the current slide order (3.7s)
2026-09-21T18:28:42.0806556Z   ✓  16 tests/e2e/inspector-editing.spec.ts:116:5 › shared navigation discards an ID-less draft even when the replacement title is identical (2.7s)
2026-09-21T18:28:46.2955268Z   ✓  17 tests/e2e/inspector-recovery.spec.ts:18:5 › schema-valid strict overflow cancels an active draft and the same slide recovers after source correction (4.2s)
2026-09-21T18:28:49.0370036Z   ✓  18 tests/e2e/inspector-recovery.spec.ts:85:5 › font substitution notes remain accessible and operable while the Inspector canvas is active (2.7s)
2026-09-21T18:28:56.0223049Z   ✓  19 tests/e2e/inspector-share-publication.spec.ts:58:69 › Inspector hash publication and refresh retain the accepted document (7.0s)
2026-09-21T18:29:02.9942799Z   ✓  20 tests/e2e/inspector-share-publication.spec.ts:58:69 › Inspector legacy import query publication and refresh retain the accepted document (7.0s)
2026-09-21T18:29:07.0792477Z   ✓  21 tests/e2e/inspector.spec.ts:20:5 › published long quotes retain their footer in actual wide/portrait previews and PowerPoint downloads (4.1s)
2026-09-21T18:29:09.9978914Z   ✓  22 tests/e2e/inspector.spec.ts:76:5 › shared navigation clears format errors and proposals from the previous deck (2.9s)
2026-09-21T18:29:13.6329086Z   ✓  23 tests/e2e/inspector.spec.ts:118:5 › anonymous JSON authoring, preview, undo/redo, download and shared reimport (3.6s)
2026-09-21T18:29:19.9585455Z   ✓  24 tests/e2e/json-paste-formatting.spec.ts:53:5 › warm JSON worker leaves pasted source untouched while explicit Format Document remains undoable (6.3s)
2026-09-21T18:29:23.7711437Z   ✓  25 tests/e2e/monaco.spec.ts:3:5 › bundled JSON worker provides schema diagnostics, completion and recovery offline (3.8s)
2026-09-21T18:29:32.4636653Z   ✓  26 tests/e2e/source-download-preservation.spec.ts:90:7 › Author preserves exact LF source through preview copy, JSON download and canvas history (8.7s)
2026-09-21T18:29:38.8049478Z   ✓  27 tests/e2e/source-download-preservation.spec.ts:90:7 › Author preserves exact CRLF source through preview copy, JSON download and canvas history (6.3s)
2026-09-21T18:29:43.5484645Z   ✓  28 tests/e2e/source-download-preservation.spec.ts:218:5 › Inspector JSON files preserve exact authored LF bytes before edits and through canvas undo/redo (4.7s)
2026-09-21T18:29:47.7600860Z   ✓  29 tests/e2e/svg-security.spec.ts:51:5 › published SVG renderer keeps hostile shared and imported document strings inert (4.2s)
2026-09-21T18:29:48.0708397Z   ✓  30 tests/e2e/toolkit.spec.ts:4:5 › public toolkit shows the deployed package set with working render, edit and export proofs (302ms)
2026-09-21T18:29:54.2344633Z   ✓  31 tests/e2e/yaml.spec.ts:4:5 › YAML and Markdown editing preserve OPF values and recover from malformed YAML offline (6.2s)
2026-09-21T18:29:54.4076346Z   31 passed (2.5m)
2026-09-21T18:24:42.0514189Z node: v24.20.0
2026-09-21T18:26:56.3995972Z       Tests  659 passed (659)
2026-09-21T18:29:51.1326927Z   ok  1 tests\e2e\author-json-options.spec.ts:72:5 › Author categorical choices include built-in, document and loaded catalogs with exact LF source undo/redo (13.2s)
2026-09-21T18:30:01.3050874Z   ok  2 tests\e2e\author-json-options.spec.ts:72:5 › Author categorical choices include built-in, document and loaded catalogs with exact CRLF source undo/redo (9.1s)
2026-09-21T18:30:10.4467314Z   ok  3 tests\e2e\author.spec.ts:26:80 › anonymous code editing preserves source and visible selection through offline export/reimport at 1280x720 (10.1s)
2026-09-21T18:30:19.0889078Z   ok  4 tests\e2e\author.spec.ts:26:80 › anonymous code editing preserves source and visible selection through offline export/reimport at 540x960 (8.6s)
2026-09-21T18:30:33.0658310Z   ok  5 tests\e2e\author.spec.ts:55:5 › anonymous Author canvas edits survive tab changes, offline PowerPoint export and undoable reimport (13.9s)
2026-09-21T18:30:40.9746074Z   ok  6 tests\e2e\completion-keyboard.spec.ts:64:5 › Author Ctrl+Space retains popup details, exact source history and editor remount behavior (7.9s)
2026-09-21T18:30:46.7089915Z   ok  7 tests\e2e\completion-keyboard.spec.ts:126:5 › Author leaves Quick Input and modified Space keys with their original keyboard owners (5.7s)
2026-09-21T18:30:53.2164106Z   ok  8 tests\e2e\completion-preservation.spec.ts:113:7 › Author Title Subtitle completion preserves LF compact source in one undo step (6.4s)
2026-09-21T18:30:59.8796518Z   ok  9 tests\e2e\completion-preservation.spec.ts:113:7 › Author Text 2x completion preserves CRLF compact source in one undo step (6.7s)
2026-09-21T18:31:08.1856364Z   ok 10 tests\e2e\completion-preservation.spec.ts:149:5 › Author escaped current value is not offered as an edit and leaves prior undo history intact (8.3s)
2026-09-21T18:31:16.6525271Z   ok 11 tests\e2e\completion-preservation.spec.ts:178:5 › Author newer and invalid source dismiss stale choices and refresh inline catalogs (8.5s)
2026-09-21T18:31:23.9871046Z   ok 12 tests\e2e\completion-preservation.spec.ts:219:5 › Author format and document changes cancel the open completion without applying it (7.3s)
2026-09-21T18:31:35.7895515Z   ok 13 tests\e2e\inspector-editing.spec.ts:40:7 › all Inspector slides preserve exact JSON and shared furniture through offline undo/export at 1440px (11.8s)
2026-09-21T18:31:46.6159448Z   ok 14 tests\e2e\inspector-editing.spec.ts:40:7 › all Inspector slides preserve exact JSON and shared furniture through offline undo/export at 540px (10.8s)
2026-09-21T18:31:53.8906381Z   ok 15 tests\e2e\inspector-editing.spec.ts:99:5 › invalid source keeps a renderer fallback and source recovery uses the current slide order (7.3s)
2026-09-21T18:31:59.4847237Z   ok 16 tests\e2e\inspector-editing.spec.ts:116:5 › shared navigation discards an ID-less draft even when the replacement title is identical (5.5s)
2026-09-21T18:32:08.0291622Z   ok 17 tests\e2e\inspector-recovery.spec.ts:18:5 › schema-valid strict overflow cancels an active draft and the same slide recovers after source correction (8.5s)
2026-09-21T18:32:13.7804299Z   ok 18 tests\e2e\inspector-recovery.spec.ts:85:5 › font substitution notes remain accessible and operable while the Inspector canvas is active (5.7s)
2026-09-21T18:32:26.5624991Z   ok 19 tests\e2e\inspector-share-publication.spec.ts:58:69 › Inspector hash publication and refresh retain the accepted document (12.7s)
2026-09-21T18:32:42.2078842Z   ok 20 tests\e2e\inspector-share-publication.spec.ts:58:69 › Inspector legacy import query publication and refresh retain the accepted document (12.2s)
2026-09-21T18:32:47.0178778Z   ok 21 tests\e2e\inspector.spec.ts:20:5 › published long quotes retain their footer in actual wide/portrait previews and PowerPoint downloads (8.2s)
2026-09-21T18:32:52.9186020Z   ok 22 tests\e2e\inspector.spec.ts:76:5 › shared navigation clears format errors and proposals from the previous deck (5.9s)
2026-09-21T18:33:01.0348874Z   ok 23 tests\e2e\inspector.spec.ts:118:5 › anonymous JSON authoring, preview, undo/redo, download and shared reimport (8.1s)
2026-09-21T18:33:10.6706069Z   ok 24 tests\e2e\json-paste-formatting.spec.ts:53:5 › warm JSON worker leaves pasted source untouched while explicit Format Document remains undoable (9.6s)
2026-09-21T18:33:17.3911665Z   ok 25 tests\e2e\monaco.spec.ts:3:5 › bundled JSON worker provides schema diagnostics, completion and recovery offline (6.7s)
2026-09-21T18:33:33.0807490Z   ok 26 tests\e2e\source-download-preservation.spec.ts:90:7 › Author preserves exact LF source through preview copy, JSON download and canvas history (15.6s)
2026-09-21T18:33:48.8992953Z   ok 27 tests\e2e\source-download-preservation.spec.ts:90:7 › Author preserves exact CRLF source through preview copy, JSON download and canvas history (15.8s)
2026-09-21T18:34:08.7731245Z   ok 28 tests\e2e\source-download-preservation.spec.ts:218:5 › Inspector JSON files preserve exact authored LF bytes before edits and through canvas undo/redo (19.7s)
2026-09-21T18:34:59.6244915Z   x  29 tests\e2e\svg-security.spec.ts:51:5 › published SVG renderer keeps hostile shared and imported document strings inert (48.3s)
2026-09-21T18:35:03.2343757Z   ok 30 tests\e2e\toolkit.spec.ts:4:5 › public toolkit shows the deployed package set with working render, edit and export proofs (1.5s)
2026-09-21T18:35:14.0540775Z   ok 31 tests\e2e\yaml.spec.ts:4:5 › YAML and Markdown editing preserve OPF values and recover from malformed YAML offline (10.8s)
2026-09-21T18:35:14.5223532Z     Test timeout of 45000ms exceeded.
2026-09-21T18:35:14.5258576Z   1 failed
2026-09-21T18:35:14.5265994Z   30 passed (5.7m)
2026-09-21T18:35:16.6443337Z Artifact download URL: https://github.com/Data-Advantage/pptx-dev/actions/runs/35638158483/artifacts/10657118561
2026-09-21T18:35:17.4546505Z Artifact download URL: https://github.com/Data-Advantage/pptx-dev/actions/runs/35638158483/artifacts/10657168358
