WebP raster passed: 23 PNG/PDF and fit/crop cases; independent pixels, PDF image streams, alpha/EXIF/first frame, SVG input forms, errors and unchanged source SVG.
JPEG orientation passed: 24 raster/PDF and fit/crop cases across all eight orientations; independent Pillow pixels (max channel difference 2), original orientation-1 bytes and path-specific errors.
Rich table renderer passed: formatted cell/header runs, trace paths, links, empty rich cells, PNG output and strict overflow.
Golden passed: 805 slides, 126 decks; no skipped corpus.
Styled table renderer passed: spans, fills/alpha, shared border precedence and suppression, scalar/rich vertical alignment, editable paths, run overrides and rasterization.
Quote footer passed: 8 fitted long quotes retain separation, 2 oversized cases diagnose/reject in strict mode across wide and portrait canvases.
Shared quote SVG: 4 exact accepted layouts/styles with no extra measurement, reasoned overflow, strict rejection and no tiny-cell omission.
Shared code SVG: 10 accepted layouts, source/whitespace/trace preservation, no extra measurement, strict/tiny-cell rejection, 132 XML-boundary rejections and valid character boundaries.
Accepted text: 48 wide/portrait/card/alignment/scalar/rich cases consume exact accepted fits and styles; overflow diagnostics and strict rejection pass.
Shared metric SVG: 36 accepted aligned layouts, exact zero/source/trace/line origins, no repeated measurement, strict rejection and 198 XML boundary cases.
Timelines passed: 1/2/4/8 events, wide and portrait slides, measured text and marker containment.
"RED" is not a valid scheme color or hex RGB! "000000" used instead. Only provide 6-digit RGB or 'pptx.SchemeColor' values!
""/><EVIL/>" is not a valid scheme color or hex RGB! "000000" used instead. Only provide 6-digit RGB or 'pptx.SchemeColor' values!
Backgrounds passed: 38 gradient/solid cases, 990 independently compared SVG/native samples, alpha, overrides, round-trips, native edits, empty/single/descending stops and unsupported-import diagnostics.
Native background inheritance passed: 70 layout/master/theme/map/reference/diagnostic cases and theme-slot opacity.
Native Keynote backgrounds passed: 18 PNG comparisons from 12 exported native images, native PPTX import, blank-slide preservation; observed max channel 8, alpha 1, opaque mean 0.37809606481481484.
Table layout passed: 168 cells, 0 shrink cases, 24 content-sized rows, Roboto/Calibri substitution, two canvas sizes, header/no-header tables, alignment, native rows and source text preservation.
Variable table rows passed: unchanged short rows, five-line rich cell containment, identical SVG/native row heights and native table extent.
Table import passed: headers, headerless data, blank rows/headers, repeated round-trips, native edits and XML boolean forms.
Rich tables passed: canonical headers/cells, SVG traces/styles/links, native editable runs/fonts/styles/point sizes/scripts/hyperlinks, scalar preservation and immutable input.
Native rich table import passed: styles, alpha, theme fonts/colors, defaults/resets, links, XML child order, fields, whitespace/blank lines, repeated conversion and path-specific diagnostics.
Native conditional table text styles passed: archive/inline definitions, DrawingML precedence, edge/corner overlaps, band parity, fonts/colors/alpha, direct overrides, repeated conversion, and diagnostics.
Conditional cell fills passed: band/edge/corner precedence, ordered theme references, placeholder alpha and direct overrides.
Native conditional table borders passed: outer frame/interior grid, bands/edges/corners, partial/direct overrides, theme lines/alpha, missing-reference masking, repeated conversion and diagnostics.
Object IDs passed: eight slides mixing tables, text, pictures, charts and lists, deterministic bytes and native import.
Image fitting passed: 45 SVG/native geometry cases, 9 raster fixtures, fit/crop, slide overrides, byte/alt preservation, host resolution and malformed headers.
Image orientation passed: all 8 EXIF orientations in fit/crop, native corner transforms, normalized metadata, unchanged pixels and bounded EXIF offsets.
Picture import passed: 42 orientation/native-edit/EXIF cases, exact source JPEG round-trips, independent pixel permutations, metadata preservation and crop/transform diagnostics.
Image media types passed: 32 byte/object/data-URI/local/host-path cases, native extensions/content types, byte preservation and imported MIME.
WebP fallback passed: 36 fit/crop and input-form cases, Pillow pixel references, alpha, EXIF, first animation frame, deterministic output, errors and unchanged source bytes.
Native decoder boundary passed: ordinary/preserved images work without Sharp; unavailable WebP conversion fails with its OPF path.
Corpus structure passed: 126 decks, 805 slides, 26 explicitly substituted images; fallback fonts, valid slide XML, unique IDs, finite geometry, table grids and imported slide counts.
PPTX dependency boundary passed: model suite and data/local/resolved images work without image-size.
Styled native table export passed: merged grid, unique text, full covered rows, colors/alpha, border dashes, zero/fractional padding, alignment, scaled row geometry and determinism.
Native merge perimeter regression passed: continuation and neighbor edges, transparent dashes, dotted top, hidden bottom and scaling.
Styled native table import passed: direct fills/alpha, borders, margins, alignment, dense merges, repeated conversion, header crossing and text-preserving malformed-merge diagnostics.
Native content layout passed: 36 payload text lines match actual renderer typography/geometry; 8 long quotes preserve footer separation and 2 oversized quotes reject in strict mode; code styling, quote source and editable timeline markers across two canvas sizes.
Shared quote PPTX: 4 wide/portrait decks and 6 native lines match accepted geometry/styles without re-fitting; reimport and strict/unusable-space rejection pass.
Shared code PPTX: 8 decks, 37 accepted native lines, 8 tab stops, six whitespace imports, strict failures, 132 XML-boundary rejections and valid character boundaries verified.
Code provenance: exact source/metadata, native edits, ordering, empty/Unicode values, five damaged groups and edited generated label verified.
20 wide/portrait measured/estimated source exports preserve whitespace, tab-stop XML and exact reimport; native edits, clearing, reordering and seven damaged-group fallbacks pass.
Accepted text PPTX: 24 cases / 144 editable lines retain shared anchors, sizes, styles, no-refit and words through import. Native raster and original OPF structure are separate gates.
Content cards: 8 wide/portrait/on/off/alpha exports preserve source, shared frame and body bounds, radius and native metric fields; slide false overrides deck true. Native raster fidelity and frame reimport are not established.
16 timeline exports match accepted text boxes, fonts and source; current edits, clearing, reordering, six damaged-group controls multiple timelines and four strict/warn overflow controls pass.
7 payload slides use all nine real physical font styles; deterministic output, source, reimport and provider controls pass.
