▲ [WARNING] Ignoring this import because "packages/javascript/dist/chunk-YCN5Z46O.js" was marked as having no side effects [ignored-bare-import]

    packages/javascript/dist/pagination.js:2:7:
      2 │ import './chunk-YCN5Z46O.js';
        ╵        ~~~~~~~~~~~~~~~~~~~~~

  "sideEffects" is false in the enclosing "package.json" file:

    packages/javascript/package.json:29:2:
      29 │   "sideEffects": false,
         ╵   ~~~~~~~~~~~~~

▲ [WARNING] Ignoring this import because "packages/javascript/dist/chunk-JMD6N4GQ.js" was marked as having no side effects [ignored-bare-import]

    packages/javascript/dist/pagination.js:3:7:
      3 │ import './chunk-JMD6N4GQ.js';
        ╵        ~~~~~~~~~~~~~~~~~~~~~

  "sideEffects" is false in the enclosing "package.json" file:

    packages/javascript/package.json:29:2:
      29 │   "sideEffects": false,
         ╵   ~~~~~~~~~~~~~

▲ [WARNING] Ignoring this import because "packages/javascript/dist/chunk-GQSK3T7X.js" was marked as having no side effects [ignored-bare-import]

    packages/javascript/dist/pagination.js:4:7:
      4 │ import './chunk-GQSK3T7X.js';
        ╵        ~~~~~~~~~~~~~~~~~~~~~

  "sideEffects" is false in the enclosing "package.json" file:

    packages/javascript/package.json:29:2:
      29 │   "sideEffects": false,
         ╵   ~~~~~~~~~~~~~

▲ [WARNING] Ignoring this import because "packages/javascript/dist/chunk-TWMRZ43O.js" was marked as having no side effects [ignored-bare-import]

    packages/javascript/dist/pagination.js:5:7:
      5 │ import './chunk-TWMRZ43O.js';
        ╵        ~~~~~~~~~~~~~~~~~~~~~

  "sideEffects" is false in the enclosing "package.json" file:

    packages/javascript/package.json:29:2:
      29 │   "sideEffects": false,
         ╵   ~~~~~~~~~~~~~

32 offline furniture workflows passed: geometry, readability, source editing, generated values, empty fields and undo/redo.
