
Running 29 tests using 1 worker

(node:55328) Warning: The 'NO_COLOR' env is ignored due to the 'FORCE_COLOR' env being set.
(Use `node --trace-warnings ...` to show where the warning was created)
  ✓   1 tests/e2e/author-json-options.spec.ts:72:5 › Author categorical choices include built-in, document and loaded catalogs with exact LF source undo/redo (6.5s)
  ✓   2 tests/e2e/author-json-options.spec.ts:72:5 › Author categorical choices include built-in, document and loaded catalogs with exact CRLF source undo/redo (4.6s)
  ✓   3 tests/e2e/author.spec.ts:26:80 › anonymous code editing preserves source and visible selection through offline export/reimport at 1280x720 (3.5s)
  ✓   4 tests/e2e/author.spec.ts:26:80 › anonymous code editing preserves source and visible selection through offline export/reimport at 540x960 (3.5s)
  ✓   5 tests/e2e/author.spec.ts:55:5 › anonymous Author canvas edits survive tab changes, offline PowerPoint export and undoable reimport (4.2s)
  ✓   6 tests/e2e/completion-keyboard.spec.ts:64:5 › Author Ctrl+Space retains popup details, exact source history and editor remount behavior (4.1s)
  ✓   7 tests/e2e/completion-keyboard.spec.ts:126:5 › Author leaves Quick Input and modified Space keys with their original keyboard owners (2.9s)
  ✓   8 tests/e2e/completion-preservation.spec.ts:113:7 › Author Title Subtitle completion preserves LF compact source in one undo step (3.3s)
  ✓   9 tests/e2e/completion-preservation.spec.ts:113:7 › Author Text 2x completion preserves CRLF compact source in one undo step (2.9s)
  ✓  10 tests/e2e/completion-preservation.spec.ts:149:5 › Author escaped current value is not offered as an edit and leaves prior undo history intact (3.8s)
  ✓  11 tests/e2e/completion-preservation.spec.ts:178:5 › Author newer and invalid source dismiss stale choices and refresh inline catalogs (4.6s)
  ✓  12 tests/e2e/completion-preservation.spec.ts:219:5 › Author format and document changes cancel the open completion without applying it (3.2s)
  ✓  13 tests/e2e/inspector-editing.spec.ts:40:7 › all Inspector slides preserve exact JSON and shared furniture through offline undo/export at 1440px (4.2s)
  ✓  14 tests/e2e/inspector-editing.spec.ts:40:7 › all Inspector slides preserve exact JSON and shared furniture through offline undo/export at 540px (4.7s)
  ✓  15 tests/e2e/inspector-editing.spec.ts:99:5 › invalid source keeps a renderer fallback and source recovery uses the current slide order (3.0s)
  ✓  16 tests/e2e/inspector-editing.spec.ts:116:5 › shared navigation discards an ID-less draft even when the replacement title is identical (2.3s)
  ✓  17 tests/e2e/inspector-recovery.spec.ts:18:5 › schema-valid strict overflow cancels an active draft and the same slide recovers after source correction (3.3s)
  ✓  18 tests/e2e/inspector-recovery.spec.ts:85:5 › font substitution notes remain accessible and operable while the Inspector canvas is active (2.0s)
  ✓  19 tests/e2e/inspector.spec.ts:20:5 › published long quotes retain their footer in actual wide/portrait previews and PowerPoint downloads (3.6s)
  ✓  20 tests/e2e/inspector.spec.ts:76:5 › shared navigation clears format errors and proposals from the previous deck (1.9s)
  ✓  21 tests/e2e/inspector.spec.ts:118:5 › anonymous JSON authoring, preview, undo/redo, download and shared reimport (2.3s)
  ✓  22 tests/e2e/json-paste-formatting.spec.ts:53:5 › warm JSON worker leaves pasted source untouched while explicit Format Document remains undoable (5.1s)
  ✓  23 tests/e2e/monaco.spec.ts:3:5 › bundled JSON worker provides schema diagnostics, completion and recovery offline (2.9s)
  ✓  24 tests/e2e/source-download-preservation.spec.ts:90:7 › Author preserves exact LF source through preview copy, JSON download and canvas history (6.7s)
  ✓  25 tests/e2e/source-download-preservation.spec.ts:90:7 › Author preserves exact CRLF source through preview copy, JSON download and canvas history (4.5s)
  ✓  26 tests/e2e/source-download-preservation.spec.ts:218:5 › Inspector JSON files preserve exact authored LF bytes before edits and through canvas undo/redo (3.5s)
  ✓  27 tests/e2e/svg-security.spec.ts:51:5 › published SVG renderer keeps hostile shared and imported document strings inert (3.6s)
  ✓  28 tests/e2e/toolkit.spec.ts:4:5 › public toolkit shows the deployed package set with working render, edit and export proofs (1.5s)
  ✓  29 tests/e2e/yaml.spec.ts:4:5 › YAML and Markdown editing preserve OPF values and recover from malformed YAML offline (3.5s)

  29 passed (1.9m)
