verify (ubuntu-latest)	Run actions/setup-node@820762786026740c76f36085b0efc47a31fe5020	2026-09-21T17:39:28.2468882Z node: v24.20.0
verify (ubuntu-latest)	Run pnpm test	2026-09-21T17:40:36.0130677Z       Tests  627 passed (627)
verify (ubuntu-latest)	Run pnpm test:e2e	2026-09-21T17:42:48.2964623Z   ✓   1 tests/e2e/author-json-options.spec.ts:72:5 › Author categorical choices include built-in, document and loaded catalogs with exact LF source undo/redo (8.3s)
verify (ubuntu-latest)	Run pnpm test:e2e	2026-09-21T17:42:55.8598227Z   ✓   2 tests/e2e/author-json-options.spec.ts:72:5 › Author categorical choices include built-in, document and loaded catalogs with exact CRLF source undo/redo (7.5s)
verify (ubuntu-latest)	Run pnpm test:e2e	2026-09-21T17:43:05.3181698Z   ✓   3 tests/e2e/author.spec.ts:26:80 › anonymous code editing preserves source and visible selection through offline export/reimport at 1280x720 (9.4s)
verify (ubuntu-latest)	Run pnpm test:e2e	2026-09-21T17:43:13.3250683Z   ✓   4 tests/e2e/author.spec.ts:26:80 › anonymous code editing preserves source and visible selection through offline export/reimport at 540x960 (8.0s)
verify (ubuntu-latest)	Run pnpm test:e2e	2026-09-21T17:43:23.1994022Z   ✓   5 tests/e2e/author.spec.ts:55:5 › anonymous Author canvas edits survive tab changes, offline PowerPoint export and undoable reimport (9.9s)
verify (ubuntu-latest)	Run pnpm test:e2e	2026-09-21T17:43:30.4045420Z   ✓   6 tests/e2e/completion-keyboard.spec.ts:64:5 › Author Ctrl+Space retains popup details, exact source history and editor remount behavior (7.2s)
verify (ubuntu-latest)	Run pnpm test:e2e	2026-09-21T17:43:35.4448401Z   ✓   7 tests/e2e/completion-keyboard.spec.ts:126:5 › Author leaves Quick Input and modified Space keys with their original keyboard owners (5.0s)
verify (ubuntu-latest)	Run pnpm test:e2e	2026-09-21T17:43:41.1389452Z   ✓   8 tests/e2e/completion-preservation.spec.ts:113:7 › Author Title Subtitle completion preserves LF compact source in one undo step (5.7s)
verify (ubuntu-latest)	Run pnpm test:e2e	2026-09-21T17:43:46.8433178Z   ✓   9 tests/e2e/completion-preservation.spec.ts:113:7 › Author Text 2x completion preserves CRLF compact source in one undo step (5.7s)
verify (ubuntu-latest)	Run pnpm test:e2e	2026-09-21T17:43:53.9777018Z   ✓  10 tests/e2e/completion-preservation.spec.ts:149:5 › Author escaped current value is not offered as an edit and leaves prior undo history intact (7.1s)
verify (ubuntu-latest)	Run pnpm test:e2e	2026-09-21T17:44:01.5427258Z   ✓  11 tests/e2e/completion-preservation.spec.ts:178:5 › Author newer and invalid source dismiss stale choices and refresh inline catalogs (7.5s)
verify (ubuntu-latest)	Run pnpm test:e2e	2026-09-21T17:44:07.6297096Z   ✓  12 tests/e2e/completion-preservation.spec.ts:219:5 › Author format and document changes cancel the open completion without applying it (6.1s)
verify (ubuntu-latest)	Run pnpm test:e2e	2026-09-21T17:44:17.3619667Z   ✓  13 tests/e2e/inspector-editing.spec.ts:40:7 › all Inspector slides preserve exact JSON and shared furniture through offline undo/export at 1440px (9.7s)
verify (ubuntu-latest)	Run pnpm test:e2e	2026-09-21T17:44:26.2943910Z   ✓  14 tests/e2e/inspector-editing.spec.ts:40:7 › all Inspector slides preserve exact JSON and shared furniture through offline undo/export at 540px (8.9s)
verify (ubuntu-latest)	Run pnpm test:e2e	2026-09-21T17:44:31.8151515Z   ✓  15 tests/e2e/inspector-editing.spec.ts:99:5 › invalid source keeps a renderer fallback and source recovery uses the current slide order (5.5s)
verify (ubuntu-latest)	Run pnpm test:e2e	2026-09-21T17:44:36.1281735Z   ✓  16 tests/e2e/inspector-editing.spec.ts:116:5 › shared navigation discards an ID-less draft even when the replacement title is identical (4.3s)
verify (ubuntu-latest)	Run pnpm test:e2e	2026-09-21T17:44:42.7125704Z   ✓  17 tests/e2e/inspector-recovery.spec.ts:18:5 › schema-valid strict overflow cancels an active draft and the same slide recovers after source correction (6.6s)
verify (ubuntu-latest)	Run pnpm test:e2e	2026-09-21T17:44:47.2753261Z   ✓  18 tests/e2e/inspector-recovery.spec.ts:85:5 › font substitution notes remain accessible and operable while the Inspector canvas is active (4.5s)
verify (ubuntu-latest)	Run pnpm test:e2e	2026-09-21T17:44:53.6525789Z   ✓  19 tests/e2e/inspector.spec.ts:20:5 › published long quotes retain their footer in actual wide/portrait previews and PowerPoint downloads (6.3s)
verify (ubuntu-latest)	Run pnpm test:e2e	2026-09-21T17:44:58.0631214Z   ✓  20 tests/e2e/inspector.spec.ts:76:5 › shared navigation clears format errors and proposals from the previous deck (4.4s)
verify (ubuntu-latest)	Run pnpm test:e2e	2026-09-21T17:45:03.7130004Z   ✓  21 tests/e2e/inspector.spec.ts:118:5 › anonymous JSON authoring, preview, undo/redo, download and shared reimport (5.6s)
verify (ubuntu-latest)	Run pnpm test:e2e	2026-09-21T17:45:12.6144037Z   ✓  22 tests/e2e/json-paste-formatting.spec.ts:53:5 › warm JSON worker leaves pasted source untouched while explicit Format Document remains undoable (8.9s)
verify (ubuntu-latest)	Run pnpm test:e2e	2026-09-21T17:45:19.0234570Z   ✓  23 tests/e2e/monaco.spec.ts:3:5 › bundled JSON worker provides schema diagnostics, completion and recovery offline (6.4s)
verify (ubuntu-latest)	Run pnpm test:e2e	2026-09-21T17:45:30.3491728Z   ✓  24 tests/e2e/source-download-preservation.spec.ts:90:7 › Author preserves exact LF source through preview copy, JSON download and canvas history (11.3s)
verify (ubuntu-latest)	Run pnpm test:e2e	2026-09-21T17:45:38.7104441Z   ✓  25 tests/e2e/source-download-preservation.spec.ts:90:7 › Author preserves exact CRLF source through preview copy, JSON download and canvas history (8.3s)
verify (ubuntu-latest)	Run pnpm test:e2e	2026-09-21T17:45:45.8501296Z   ✓  26 tests/e2e/source-download-preservation.spec.ts:218:5 › Inspector JSON files preserve exact authored LF bytes before edits and through canvas undo/redo (7.1s)
verify (ubuntu-latest)	Run pnpm test:e2e	2026-09-21T17:45:50.0713433Z   ✘  27 tests/e2e/svg-security.spec.ts:51:5 › published SVG renderer keeps hostile shared and imported document strings inert (3.7s)
verify (ubuntu-latest)	Run pnpm test:e2e	2026-09-21T17:45:51.4631319Z   ✓  28 tests/e2e/toolkit.spec.ts:4:5 › public toolkit shows the deployed package set with working render, edit and export proofs (622ms)
verify (ubuntu-latest)	Run pnpm test:e2e	2026-09-21T17:46:00.4444755Z   ✓  29 tests/e2e/yaml.spec.ts:4:5 › YAML and Markdown editing preserve OPF values and recover from malformed YAML offline (9.0s)
verify (ubuntu-latest)	Run pnpm test:e2e	2026-09-21T17:46:00.5478752Z     Error: strict mode violation: getByTestId('inspector-canvas-overlay') resolved to 5 elements:
verify (ubuntu-latest)	Run pnpm test:e2e	2026-09-21T17:46:00.5521249Z     > 60 |   await expect(canvas).toBeVisible();
verify (ubuntu-latest)	Run pnpm test:e2e	2026-09-21T17:46:00.5545017Z   1 failed
verify (ubuntu-latest)	Run pnpm test:e2e	2026-09-21T17:46:00.5548600Z   28 passed (3.4m)
verify (ubuntu-latest)	Preserve browser failure evidence	2026-09-21T17:46:02.2296625Z Artifact download URL: https://github.com/Data-Advantage/pptx-dev/actions/runs/35633321018/artifacts/10654574356
verify (windows-latest)	Run actions/setup-node@820762786026740c76f36085b0efc47a31fe5020	2026-09-21T17:39:01.5355391Z node: v24.20.0
verify (windows-latest)	Run pnpm test	2026-09-21T17:41:03.2049157Z       Tests  627 passed (627)
verify (windows-latest)	Run pnpm test:e2e	2026-09-21T17:43:55.6386463Z   ok  1 tests\e2e\author-json-options.spec.ts:72:5 › Author categorical choices include built-in, document and loaded catalogs with exact LF source undo/redo (12.6s)
verify (windows-latest)	Run pnpm test:e2e	2026-09-21T17:44:05.6805936Z   ok  2 tests\e2e\author-json-options.spec.ts:72:5 › Author categorical choices include built-in, document and loaded catalogs with exact CRLF source undo/redo (10.0s)
verify (windows-latest)	Run pnpm test:e2e	2026-09-21T17:44:15.3637416Z   ok  3 tests\e2e\author.spec.ts:26:80 › anonymous code editing preserves source and visible selection through offline export/reimport at 1280x720 (9.6s)
verify (windows-latest)	Run pnpm test:e2e	2026-09-21T17:44:23.9382310Z   ok  4 tests\e2e\author.spec.ts:26:80 › anonymous code editing preserves source and visible selection through offline export/reimport at 540x960 (8.6s)
verify (windows-latest)	Run pnpm test:e2e	2026-09-21T17:44:37.6105468Z   ok  5 tests\e2e\author.spec.ts:55:5 › anonymous Author canvas edits survive tab changes, offline PowerPoint export and undoable reimport (13.6s)
verify (windows-latest)	Run pnpm test:e2e	2026-09-21T17:44:45.9460598Z   ok  6 tests\e2e\completion-keyboard.spec.ts:64:5 › Author Ctrl+Space retains popup details, exact source history and editor remount behavior (8.3s)
verify (windows-latest)	Run pnpm test:e2e	2026-09-21T17:44:51.8431155Z   ok  7 tests\e2e\completion-keyboard.spec.ts:126:5 › Author leaves Quick Input and modified Space keys with their original keyboard owners (5.9s)
verify (windows-latest)	Run pnpm test:e2e	2026-09-21T17:44:58.3313445Z   ok  8 tests\e2e\completion-preservation.spec.ts:113:7 › Author Title Subtitle completion preserves LF compact source in one undo step (6.4s)
verify (windows-latest)	Run pnpm test:e2e	2026-09-21T17:45:04.8673891Z   ok  9 tests\e2e\completion-preservation.spec.ts:113:7 › Author Text 2x completion preserves CRLF compact source in one undo step (6.5s)
verify (windows-latest)	Run pnpm test:e2e	2026-09-21T17:45:13.2773665Z   ok 10 tests\e2e\completion-preservation.spec.ts:149:5 › Author escaped current value is not offered as an edit and leaves prior undo history intact (8.4s)
verify (windows-latest)	Run pnpm test:e2e	2026-09-21T17:45:21.8052752Z   ok 11 tests\e2e\completion-preservation.spec.ts:178:5 › Author newer and invalid source dismiss stale choices and refresh inline catalogs (8.5s)
verify (windows-latest)	Run pnpm test:e2e	2026-09-21T17:45:29.1285245Z   ok 12 tests\e2e\completion-preservation.spec.ts:219:5 › Author format and document changes cancel the open completion without applying it (7.3s)
verify (windows-latest)	Run pnpm test:e2e	2026-09-21T17:45:41.6769235Z   ok 13 tests\e2e\inspector-editing.spec.ts:40:7 › all Inspector slides preserve exact JSON and shared furniture through offline undo/export at 1440px (12.5s)
verify (windows-latest)	Run pnpm test:e2e	2026-09-21T17:45:51.7061019Z   ok 14 tests\e2e\inspector-editing.spec.ts:40:7 › all Inspector slides preserve exact JSON and shared furniture through offline undo/export at 540px (10.0s)
verify (windows-latest)	Run pnpm test:e2e	2026-09-21T17:45:59.1026735Z   ok 15 tests\e2e\inspector-editing.spec.ts:99:5 › invalid source keeps a renderer fallback and source recovery uses the current slide order (7.4s)
verify (windows-latest)	Run pnpm test:e2e	2026-09-21T17:46:04.4877637Z   ok 16 tests\e2e\inspector-editing.spec.ts:116:5 › shared navigation discards an ID-less draft even when the replacement title is identical (5.4s)
verify (windows-latest)	Run pnpm test:e2e	2026-09-21T17:46:12.9915828Z   ok 17 tests\e2e\inspector-recovery.spec.ts:18:5 › schema-valid strict overflow cancels an active draft and the same slide recovers after source correction (8.5s)
verify (windows-latest)	Run pnpm test:e2e	2026-09-21T17:46:19.0033065Z   ok 18 tests\e2e\inspector-recovery.spec.ts:85:5 › font substitution notes remain accessible and operable while the Inspector canvas is active (6.0s)
verify (windows-latest)	Run pnpm test:e2e	2026-09-21T17:46:27.4544279Z   ok 19 tests\e2e\inspector.spec.ts:20:5 › published long quotes retain their footer in actual wide/portrait previews and PowerPoint downloads (8.4s)
verify (windows-latest)	Run pnpm test:e2e	2026-09-21T17:46:33.1923972Z   ok 20 tests\e2e\inspector.spec.ts:76:5 › shared navigation clears format errors and proposals from the previous deck (5.7s)
verify (windows-latest)	Run pnpm test:e2e	2026-09-21T17:46:44.0625428Z   ok 21 tests\e2e\inspector.spec.ts:118:5 › anonymous JSON authoring, preview, undo/redo, download and shared reimport (10.8s)
verify (windows-latest)	Run pnpm test:e2e	2026-09-21T17:47:01.8254862Z   ok 22 tests\e2e\json-paste-formatting.spec.ts:53:5 › warm JSON worker leaves pasted source untouched while explicit Format Document remains undoable (17.7s)
verify (windows-latest)	Run pnpm test:e2e	2026-09-21T17:47:12.4692215Z   ok 23 tests\e2e\monaco.spec.ts:3:5 › bundled JSON worker provides schema diagnostics, completion and recovery offline (10.5s)
verify (windows-latest)	Run pnpm test:e2e	2026-09-21T17:47:54.3126997Z   ok 24 tests\e2e\source-download-preservation.spec.ts:90:7 › Author preserves exact LF source through preview copy, JSON download and canvas history (41.9s)
verify (windows-latest)	Run pnpm test:e2e	2026-09-21T17:48:06.7005518Z   ok 25 tests\e2e\source-download-preservation.spec.ts:90:7 › Author preserves exact CRLF source through preview copy, JSON download and canvas history (12.4s)
verify (windows-latest)	Run pnpm test:e2e	2026-09-21T17:48:15.7662410Z   ok 26 tests\e2e\source-download-preservation.spec.ts:218:5 › Inspector JSON files preserve exact authored LF bytes before edits and through canvas undo/redo (9.0s)
verify (windows-latest)	Run pnpm test:e2e	2026-09-21T17:48:26.2354567Z   ok 27 tests\e2e\svg-security.spec.ts:51:5 › published SVG renderer keeps hostile shared and imported document strings inert (10.4s)
verify (windows-latest)	Run pnpm test:e2e	2026-09-21T17:48:27.5318236Z   ok 28 tests\e2e\toolkit.spec.ts:4:5 › public toolkit shows the deployed package set with working render, edit and export proofs (1.3s)
verify (windows-latest)	Run pnpm test:e2e	2026-09-21T17:48:39.0927985Z   ok 29 tests\e2e\yaml.spec.ts:4:5 › YAML and Markdown editing preserve OPF values and recover from malformed YAML offline (11.5s)
verify (windows-latest)	Run pnpm test:e2e	2026-09-21T17:48:40.0347132Z   29 passed (5.0m)
verify (windows-latest)	Preserve Windows readiness timings	2026-09-21T17:48:41.9797013Z Artifact download URL: https://github.com/Data-Advantage/pptx-dev/actions/runs/35633321018/artifacts/10655457941
